Archive member included to satisfy reference by file (symbol)

/Applications/ArmGNUToolchain/14.2.rel1/arm-none-eabi/bin/../lib/gcc/arm-none-eabi/14.2.1/thumb/v6-m/nofp/libgcc.a(_dvmd_tls.o)
                              CMakeFiles/my_pico_project.dir/Users/gulbaran/pico-sdk/src/rp2_common/pico_divider/divider_hardware.S.o (__aeabi_idiv0)
/Applications/ArmGNUToolchain/14.2.rel1/arm-none-eabi/bin/../lib/gcc/arm-none-eabi/14.2.1/../../../../arm-none-eabi/lib/thumb/v6-m/nofp/libg.a(libc_a-calloc.o)
                              CMakeFiles/my_pico_project.dir/Users/gulbaran/pico-sdk/src/rp2_common/pico_malloc/malloc.c.o (calloc)
/Applications/ArmGNUToolchain/14.2.rel1/arm-none-eabi/bin/../lib/gcc/arm-none-eabi/14.2.1/../../../../arm-none-eabi/lib/thumb/v6-m/nofp/libg.a(libc_a-callocr.o)
                              /Applications/ArmGNUToolchain/14.2.rel1/arm-none-eabi/bin/../lib/gcc/arm-none-eabi/14.2.1/../../../../arm-none-eabi/lib/thumb/v6-m/nofp/libg.a(libc_a-calloc.o) (_calloc_r)
/Applications/ArmGNUToolchain/14.2.rel1/arm-none-eabi/bin/../lib/gcc/arm-none-eabi/14.2.1/../../../../arm-none-eabi/lib/thumb/v6-m/nofp/libg.a(libc_a-malloc.o)
                              CMakeFiles/my_pico_project.dir/Users/gulbaran/pico-sdk/src/rp2_common/pico_malloc/malloc.c.o (malloc)
/Applications/ArmGNUToolchain/14.2.rel1/arm-none-eabi/bin/../lib/gcc/arm-none-eabi/14.2.1/../../../../arm-none-eabi/lib/thumb/v6-m/nofp/libg.a(libc_a-mallocr.o)
                              /Applications/ArmGNUToolchain/14.2.rel1/arm-none-eabi/bin/../lib/gcc/arm-none-eabi/14.2.1/../../../../arm-none-eabi/lib/thumb/v6-m/nofp/libg.a(libc_a-callocr.o) (_malloc_r)
/Applications/ArmGNUToolchain/14.2.rel1/arm-none-eabi/bin/../lib/gcc/arm-none-eabi/14.2.1/../../../../arm-none-eabi/lib/thumb/v6-m/nofp/libg.a(libc_a-mlock.o)
                              /Applications/ArmGNUToolchain/14.2.rel1/arm-none-eabi/bin/../lib/gcc/arm-none-eabi/14.2.1/../../../../arm-none-eabi/lib/thumb/v6-m/nofp/libg.a(libc_a-mallocr.o) (__malloc_lock)
/Applications/ArmGNUToolchain/14.2.rel1/arm-none-eabi/bin/../lib/gcc/arm-none-eabi/14.2.1/../../../../arm-none-eabi/lib/thumb/v6-m/nofp/libg.a(libc_a-realloc.o)
                              CMakeFiles/my_pico_project.dir/Users/gulbaran/pico-sdk/src/rp2_common/pico_malloc/malloc.c.o (realloc)
/Applications/ArmGNUToolchain/14.2.rel1/arm-none-eabi/bin/../lib/gcc/arm-none-eabi/14.2.1/../../../../arm-none-eabi/lib/thumb/v6-m/nofp/libg.a(libc_a-reallocr.o)
                              /Applications/ArmGNUToolchain/14.2.rel1/arm-none-eabi/bin/../lib/gcc/arm-none-eabi/14.2.1/../../../../arm-none-eabi/lib/thumb/v6-m/nofp/libg.a(libc_a-realloc.o) (_realloc_r)
/Applications/ArmGNUToolchain/14.2.rel1/arm-none-eabi/bin/../lib/gcc/arm-none-eabi/14.2.1/../../../../arm-none-eabi/lib/thumb/v6-m/nofp/libg.a(libc_a-memcmp.o)
                              CMakeFiles/my_pico_project.dir/Users/gulbaran/pico-sdk/src/rp2_common/pico_atomic/atomic.c.o (memcmp)
/Applications/ArmGNUToolchain/14.2.rel1/arm-none-eabi/bin/../lib/gcc/arm-none-eabi/14.2.1/../../../../arm-none-eabi/lib/thumb/v6-m/nofp/libg.a(libc_a-memmove.o)
                              /Applications/ArmGNUToolchain/14.2.rel1/arm-none-eabi/bin/../lib/gcc/arm-none-eabi/14.2.1/../../../../arm-none-eabi/lib/thumb/v6-m/nofp/libg.a(libc_a-reallocr.o) (memmove)
/Applications/ArmGNUToolchain/14.2.rel1/arm-none-eabi/bin/../lib/gcc/arm-none-eabi/14.2.1/../../../../arm-none-eabi/lib/thumb/v6-m/nofp/libg.a(libc_a-lcltime_r.o)
                              CMakeFiles/my_pico_project.dir/Users/gulbaran/pico-sdk/src/common/pico_util/datetime.c.o (localtime_r)
/Applications/ArmGNUToolchain/14.2.rel1/arm-none-eabi/bin/../lib/gcc/arm-none-eabi/14.2.1/../../../../arm-none-eabi/lib/thumb/v6-m/nofp/libg.a(libc_a-mktime.o)
                              CMakeFiles/my_pico_project.dir/Users/gulbaran/pico-sdk/src/common/pico_util/datetime.c.o (mktime)
/Applications/ArmGNUToolchain/14.2.rel1/arm-none-eabi/bin/../lib/gcc/arm-none-eabi/14.2.1/../../../../arm-none-eabi/lib/thumb/v6-m/nofp/libg.a(libc_a-month_lengths.o)
                              /Applications/ArmGNUToolchain/14.2.rel1/arm-none-eabi/bin/../lib/gcc/arm-none-eabi/14.2.1/../../../../arm-none-eabi/lib/thumb/v6-m/nofp/libg.a(libc_a-lcltime_r.o) (__month_lengths)
/Applications/ArmGNUToolchain/14.2.rel1/arm-none-eabi/bin/../lib/gcc/arm-none-eabi/14.2.1/../../../../arm-none-eabi/lib/thumb/v6-m/nofp/libg.a(libc_a-tzcalc_limits.o)
                              /Applications/ArmGNUToolchain/14.2.rel1/arm-none-eabi/bin/../lib/gcc/arm-none-eabi/14.2.1/../../../../arm-none-eabi/lib/thumb/v6-m/nofp/libg.a(libc_a-lcltime_r.o) (__tzcalc_limits)
/Applications/ArmGNUToolchain/14.2.rel1/arm-none-eabi/bin/../lib/gcc/arm-none-eabi/14.2.1/../../../../arm-none-eabi/lib/thumb/v6-m/nofp/libg.a(libc_a-tzlock.o)
[...]
Memory Configuration

Name             Origin             Length             Attributes
FLASH            0x10000000         0x00200000         xr
RAM              0x20000000         0x00040000         xrw
SCRATCH_X        0x20040000         0x00001000         xrw
SCRATCH_Y        0x20041000         0x00001000         xrw
*default*        0x00000000         0xffffffff

Linker script and memory map

LOAD /Applications/ArmGNUToolchain/14.2.rel1/arm-none-eabi/bin/../lib/gcc/arm-none-eabi/14.2.1/thumb/v6-m/nofp/crti.o
LOAD /Applications/ArmGNUToolchain/14.2.rel1/arm-none-eabi/bin/../lib/gcc/arm-none-eabi/14.2.1/thumb/v6-m/nofp/crtbegin.o
LOAD /Applications/ArmGNUToolchain/14.2.rel1/arm-none-eabi/bin/../lib/gcc/arm-none-eabi/14.2.1/../../../../arm-none-eabi/lib/thumb/v6-m/nofp/crt0.o

.flash_begin    0x10000000        0x0
                0x10000000                        __flash_binary_start = .

.boot2          0x10000000      0x100
                0x10000000                        __boot2_start__ = .
 *(.boot2)
 .boot2         0x10000000      0x100 pico-sdk/src/rp2040/boot_stage2/CMakeFiles/bs2_default_library.dir/bs2_default_padded_checksummed.S.o
                0x10000100                        __boot2_end__ = .
                0x00000001                        ASSERT (((__boot2_end__ - __boot2_start__) == 0x100), ERROR: Pico second stage bootloader must be 256 bytes in size)

.text           0x10000100     0x1628
                0x10000100                        __logical_binary_start = .
 *(.vectors)
 .vectors       0x10000100       0xd4 CMakeFiles/my_pico_project.dir/Users/gulbaran/pico-sdk/src/rp2_common/pico_crt0/crt0.S.o
                0x10000100                __VECTOR_TABLE
                0x10000100                __vectors
                0x100001c0                __default_isrs_start
                0x100001c0                isr_invalid
                0x100001c2                isr_nmi
                0x100001c4                isr_hardfault
                0x100001c6                isr_svcall
                0x100001c8                isr_pendsv
                0x100001ca                isr_systick
                0x100001cc                isr_irq28
                0x100001cc                isr_irq19
                0x100001cc                isr_irq0
                0x100001cc                isr_irq6
                0x100001cc                isr_irq22
                0x100001cc                isr_irq17
                0x100001cc                isr_irq14
                0x100001cc                isr_irq2
                0x100001cc                isr_irq10
                0x100001cc                isr_irq8
                0x100001cc                isr_irq24
                0x100001cc                isr_irq1
                0x100001cc                isr_irq7
                0x100001cc                isr_irq21
                0x100001cc                isr_irq20
                0x100001cc                isr_irq15
                0x100001cc                isr_irq25
                0x100001cc                isr_irq4
                0x100001cc                isr_irq16
                0x100001cc                isr_irq29
                0x100001cc                isr_irq26
                0x100001cc                __default_isrs_end
                0x100001cc                isr_irq3
                0x100001cc                isr_irq9
                0x100001cc                __unhandled_user_irq
                0x100001cc                isr_irq13
                0x100001cc                isr_irq27
                0x100001cc                isr_irq31
                0x100001cc                isr_irq5
                0x100001cc                isr_irq11
                0x100001cc                isr_irq23
                0x100001cc                isr_irq18
                0x100001cc                isr_irq30
                0x100001cc                isr_irq12
                0x100001d2                unhandled_user_irq_num_in_r0
 *(.binary_info_header)
 .binary_info_header
                0x100001d4       0x14 CMakeFiles/my_pico_project.dir/Users/gulbaran/pico-sdk/src/rp2_common/pico_crt0/crt0.S.o
                0x100001e8                        __binary_info_header_end = .
 *(.embedded_block)
                0x100001e8                        __embedded_block_end = .
 *(.reset)
 .reset         0x100001e8       0x9c CMakeFiles/my_pico_project.dir/Users/gulbaran/pico-sdk/src/rp2_common/pico_crt0/crt0.S.o
                0x100001e8                _entry_point
 *(.init)
 .init          0x10000284        0x4 /Applications/ArmGNUToolchain/14.2.rel1/arm-none-eabi/bin/../lib/gcc/arm-none-eabi/14.2.1/thumb/v6-m/nofp/crti.o
                0x10000284                _init
 *(EXCLUDE_FILE(*libm.a: *libc.a:*lib_a-mem*.o *libgcc.a:) .text*)
 .text.register_tm_clones
                0x10000288       0x28 /Applications/ArmGNUToolchain/14.2.rel1/arm-none-eabi/bin/../lib/gcc/arm-none-eabi/14.2.1/thumb/v6-m/nofp/crtbegin.o
 .text.frame_dummy
                0x100002b0       0x24 /Applications/ArmGNUToolchain/14.2.rel1/arm-none-eabi/bin/../lib/gcc/arm-none-eabi/14.2.1/thumb/v6-m/nofp/crtbegin.o
 .text.startup.main
                0x100002d4       0x24 CMakeFiles/my_pico_project.dir/main.c.o
                0x100002d4                main
 .text.gpio_init
                0x100002f8       0x40 CMakeFiles/my_pico_project.dir/Users/gulbaran/pico-sdk/src/rp2_common/hardware_gpio/gpio.c.o
                0x100002f8                gpio_init
 .text.panic    0x10000338       0x30 CMakeFiles/my_pico_project.dir/Users/gulbaran/pico-sdk/src/rp2_common/pico_platform_panic/panic.c.o
                0x10000338                panic
 .text.hw_claim_or_assert
                0x10000368       0x44 CMakeFiles/my_pico_project.dir/Users/gulbaran/pico-sdk/src/common/hardware_claim/claim.c.o
                0x10000368                hw_claim_or_assert
 .text.next_striped_spin_lock_num
                0x100003ac       0x18 CMakeFiles/my_pico_project.dir/Users/gulbaran/pico-sdk/src/rp2_common/hardware_sync/sync.c.o
                0x100003ac                next_striped_spin_lock_num
 .text.spin_locks_reset
                0x100003c4       0x1c CMakeFiles/my_pico_project.dir/Users/gulbaran/pico-sdk/src/rp2_common/hardware_sync_spin_lock/sync_spin_lock.c.o
                0x100003c4                spin_locks_reset
 .text.runtime_init_per_core_irq_priorities
                0x100003e0       0x24 CMakeFiles/my_pico_project.dir/Users/gulbaran/pico-sdk/src/rp2_common/hardware_irq/irq.c.o
                0x100003e0                runtime_init_per_core_irq_priorities
 .text.irq_set_enabled
                0x10000404       0x24 CMakeFiles/my_pico_project.dir/Users/gulbaran/pico-sdk/src/rp2_common/hardware_irq/irq.c.o
                0x10000404                irq_set_enabled
 .text.irq_set_exclusive_handler
                0x10000428       0x54 CMakeFiles/my_pico_project.dir/Users/gulbaran/pico-sdk/src/rp2_common/hardware_irq/irq.c.o
                0x10000428                irq_set_exclusive_handler
 .text.lock_init
                0x1000047c       0x10 CMakeFiles/my_pico_project.dir/Users/gulbaran/pico-sdk/src/common/pico_sync/lock_core.c.o
                0x1000047c                lock_init
 .text.runtime_init_mutex
                0x1000048c       0x50 CMakeFiles/my_pico_project.dir/Users/gulbaran/pico-sdk/src/common/pico_sync/mutex.c.o
                0x1000048c                runtime_init_mutex
 .text.sleep_until_callback
                0x100004dc       0x30 CMakeFiles/my_pico_project.dir/Users/gulbaran/pico-sdk/src/common/pico_time/time.c.o
 .text.alarm_pool_irq_handler
                0x1000050c      0x300 CMakeFiles/my_pico_project.dir/Users/gulbaran/pico-sdk/src/common/pico_time/time.c.o
 .text.runtime_init_default_alarm_pool
                0x1000080c       0xdc CMakeFiles/my_pico_project.dir/Users/gulbaran/pico-sdk/src/common/pico_time/time.c.o
                0x1000080c                runtime_init_default_alarm_pool
 .text.alarm_pool_add_alarm_at_force_in_context
                0x100008e8       0xb0 CMakeFiles/my_pico_project.dir/Users/gulbaran/pico-sdk/src/common/pico_time/time.c.o
                0x100008e8                alarm_pool_add_alarm_at_force_in_context
 .text.alarm_pool_cancel_alarm
                0x10000998       0x74 CMakeFiles/my_pico_project.dir/Users/gulbaran/pico-sdk/src/common/pico_time/time.c.o
                0x10000998                alarm_pool_cancel_alarm
 .text.sleep_ms
                0x10000a0c       0xfc CMakeFiles/my_pico_project.dir/Users/gulbaran/pico-sdk/src/common/pico_time/time.c.o
                0x10000a0c                sleep_ms
 .text.best_effort_wfe_or_timeout
                0x10000b08      0x10c CMakeFiles/my_pico_project.dir/Users/gulbaran/pico-sdk/src/common/pico_time/time.c.o
                0x10000b08                best_effort_wfe_or_timeout
 .text.timer_hardware_alarm_claim
                0x10000c14       0x14 CMakeFiles/my_pico_project.dir/Users/gulbaran/pico-sdk/src/rp2_common/hardware_timer/timer.c.o
                0x10000c14                timer_hardware_alarm_claim
 .text.timer_time_us_64
                0x10000c28       0x10 CMakeFiles/my_pico_project.dir/Users/gulbaran/pico-sdk/src/rp2_common/hardware_timer/timer.c.o
                0x10000c28                timer_time_us_64
 .text.time_us_64
                0x10000c38       0x14 CMakeFiles/my_pico_project.dir/Users/gulbaran/pico-sdk/src/rp2_common/hardware_timer/timer.c.o
                0x10000c38                time_us_64
 .text.busy_wait_until
                0x10000c4c       0x20 CMakeFiles/my_pico_project.dir/Users/gulbaran/pico-sdk/src/rp2_common/hardware_timer/timer.c.o
                0x10000c4c                busy_wait_until
 .text.clock_configure_int_divider
                0x10000c6c       0xf4 CMakeFiles/my_pico_project.dir/Users/gulbaran/pico-sdk/src/rp2_common/hardware_clocks/clocks.c.o
                0x10000c6c                clock_configure_int_divider
 .text.clock_configure_undivided
                0x10000d60       0xe8 CMakeFiles/my_pico_project.dir/Users/gulbaran/pico-sdk/src/rp2_common/hardware_clocks/clocks.c.o
                0x10000d60                clock_configure_undivided
 .text.clock_get_hz
                0x10000e48        0xc CMakeFiles/my_pico_project.dir/Users/gulbaran/pico-sdk/src/rp2_common/hardware_clocks/clocks.c.o
                0x10000e48                clock_get_hz
 .text.pll_init
                0x10000e54       0xa4 CMakeFiles/my_pico_project.dir/Users/gulbaran/pico-sdk/src/rp2_common/hardware_pll/pll.c.o
                0x10000e54                pll_init
 .text.tick_start
                0x10000ef8       0x10 CMakeFiles/my_pico_project.dir/Users/gulbaran/pico-sdk/src/rp2_common/hardware_ticks/ticks.c.o
                0x10000ef8                tick_start
 .text.rom_func_lookup
                0x10000f08       0x10 CMakeFiles/my_pico_project.dir/Users/gulbaran/pico-sdk/src/rp2_common/pico_bootrom/bootrom.c.o
                0x10000f08                rom_func_lookup
 .text.rom_data_lookup
                0x10000f18       0x10 CMakeFiles/my_pico_project.dir/Users/gulbaran/pico-sdk/src/rp2_common/pico_bootrom/bootrom.c.o
                0x10000f18                rom_data_lookup
 .text.rom_funcs_lookup
                0x10000f28       0x44 CMakeFiles/my_pico_project.dir/Users/gulbaran/pico-sdk/src/rp2_common/pico_bootrom/bootrom.c.o
                0x10000f28                rom_funcs_lookup
 .text.xosc_init
                0x10000f6c       0x28 CMakeFiles/my_pico_project.dir/Users/gulbaran/pico-sdk/src/rp2_common/hardware_xosc/xosc.c.o
                0x10000f6c                xosc_init
 .text.first_per_core_initializer
                0x10000f94        0x4 CMakeFiles/my_pico_project.dir/Users/gulbaran/pico-sdk/src/rp2_common/pico_runtime/runtime.c.o
 .text.hard_assertion_failure
                0x10000f98        0xc CMakeFiles/my_pico_project.dir/Users/gulbaran/pico-sdk/src/rp2_common/pico_runtime/runtime.c.o
                0x10000f98                hard_assertion_failure
 .text.runtime_run_initializers
                0x10000fa4       0x28 CMakeFiles/my_pico_project.dir/Users/gulbaran/pico-sdk/src/rp2_common/pico_runtime/runtime.c.o
                0x10000fa4                runtime_run_initializers
 .text.runtime_init_early_resets
                0x10000fcc       0x2c CMakeFiles/my_pico_project.dir/Users/gulbaran/pico-sdk/src/rp2_common/pico_runtime_init/runtime_init.c.o
                0x10000fcc                runtime_init_early_resets
 .text.runtime_init_usb_power_down
                0x10000ff8       0x1c CMakeFiles/my_pico_project.dir/Users/gulbaran/pico-sdk/src/rp2_common/pico_runtime_init/runtime_init.c.o
                0x10000ff8                runtime_init_usb_power_down
 .text.runtime_init_post_clock_resets
                0x10001014       0x20 CMakeFiles/my_pico_project.dir/Users/gulbaran/pico-sdk/src/rp2_common/pico_runtime_init/runtime_init.c.o
                0x10001014                runtime_init_post_clock_resets
 .text.runtime_init_rp2040_gpio_ie_disable
                0x10001034       0x14 CMakeFiles/my_pico_project.dir/Users/gulbaran/pico-sdk/src/rp2_common/pico_runtime_init/runtime_init.c.o
                0x10001034                runtime_init_rp2040_gpio_ie_disable
 .text.runtime_init_spin_locks_reset
                0x10001048        0x8 CMakeFiles/my_pico_project.dir/Users/gulbaran/pico-sdk/src/rp2_common/pico_runtime_init/runtime_init.c.o
                0x10001048                runtime_init_spin_locks_reset
 .text.runtime_init_install_ram_vector_table
                0x10001050       0x1c CMakeFiles/my_pico_project.dir/Users/gulbaran/pico-sdk/src/rp2_common/pico_runtime_init/runtime_init.c.o
                0x10001050                runtime_init_install_ram_vector_table
 .text.runtime_init_clocks
                0x1000106c       0xd8 CMakeFiles/my_pico_project.dir/Users/gulbaran/pico-sdk/src/rp2_common/pico_runtime_init/runtime_init_clocks.c.o
                0x1000106c                runtime_init_clocks
 .text          0x10001144       0x10 CMakeFiles/my_pico_project.dir/Users/gulbaran/pico-sdk/src/rp2_common/pico_bit_ops/bit_ops_aeabi.S.o
 .text.__wrap___aeabi_uidiv
                0x10001154       0x4c CMakeFiles/my_pico_project.dir/Users/gulbaran/pico-sdk/src/rp2_common/pico_divider/divider_hardware.S.o
                0x10001154                __wrap___aeabi_uidiv
                0x10001154                __wrap___aeabi_uidivmod
                0x10001154                div_u32u32
                0x10001154                divmod_u32u32
                0x1000115c                divmod_u32u32_unsafe
                0x10001184                divmod_u32u32_savestate
 .text.__aeabi_double_init
                0x100011a0       0xa4 CMakeFiles/my_pico_project.dir/Users/gulbaran/pico-sdk/src/rp2_common/pico_double/double_init_rom_rp2040.c.o
                0x100011a0                __aeabi_double_init
 .text.double_table_shim_on_use_helper
                0x10001244       0x2c CMakeFiles/my_pico_project.dir/Users/gulbaran/pico-sdk/src/rp2_common/pico_double/double_v1_rom_shim_rp2040.S.o
                0x10001244                double_table_shim_on_use_helper
 .text.__aeabi_lmul
                0x10001270       0x32 CMakeFiles/my_pico_project.dir/Users/gulbaran/pico-sdk/src/rp2_common/pico_int64_ops/pico_int64_ops_aeabi.S.o
                0x10001270                __wrap___aeabi_lmul
 *fill*         0x100012a2        0x2 
 .text.__aeabi_float_init
                0x100012a4       0x64 CMakeFiles/my_pico_project.dir/Users/gulbaran/pico-sdk/src/rp2_common/pico_float/float_init_rom_rp2040.c.o
                0x100012a4                __aeabi_float_init
 .text.float_table_shim_on_use_helper
                0x10001308       0x2c CMakeFiles/my_pico_project.dir/Users/gulbaran/pico-sdk/src/rp2_common/pico_float/float_v1_rom_shim_rp2040.S.o
                0x10001308                float_table_shim_on_use_helper
 .text          0x10001334       0x10 CMakeFiles/my_pico_project.dir/Users/gulbaran/pico-sdk/src/rp2_common/pico_mem_ops/mem_ops_aeabi.S.o
                0x10001334                __aeabi_mem_init
 .text.memcpy   0x10001344        0xc CMakeFiles/my_pico_project.dir/Users/gulbaran/pico-sdk/src/rp2_common/pico_mem_ops/mem_ops_aeabi.S.o
                0x10001344                __wrap___aeabi_memcpy
                0x10001344                __wrap_memcpy
 .text._out_char
                0x10001350       0x10 CMakeFiles/my_pico_project.dir/Users/gulbaran/pico-sdk/src/rp2_common/pico_printf/printf.c.o
 .text.weak_raw_vprintf
                0x10001360       0x30 CMakeFiles/my_pico_project.dir/Users/gulbaran/pico-sdk/src/rp2_common/pico_printf/printf.c.o
                0x10001360                weak_raw_vprintf
 .text._exit    0x10001390        0x4 CMakeFiles/my_pico_project.dir/Users/gulbaran/pico-sdk/src/rp2_common/pico_clib_interface/newlib_interface.c.o
                0x10001390                _exit
 .text.exit     0x10001394        0x8 CMakeFiles/my_pico_project.dir/Users/gulbaran/pico-sdk/src/rp2_common/pico_clib_interface/newlib_interface.c.o
                0x10001394                exit
 .text.runtime_init
                0x1000139c       0x2c CMakeFiles/my_pico_project.dir/Users/gulbaran/pico-sdk/src/rp2_common/pico_clib_interface/newlib_interface.c.o
                0x1000139c                runtime_init
 .text.stdio_out_chars_no_crlf
                0x100013c8       0x10 CMakeFiles/my_pico_project.dir/Users/gulbaran/pico-sdk/src/rp2_common/pico_stdio/stdio.c.o
 .text.stdio_out_chars_crlf
                0x100013d8       0xb0 CMakeFiles/my_pico_project.dir/Users/gulbaran/pico-sdk/src/rp2_common/pico_stdio/stdio.c.o
 .text.stdio_put_string
                0x10001488       0xfc CMakeFiles/my_pico_project.dir/Users/gulbaran/pico-sdk/src/rp2_common/pico_stdio/stdio.c.o
                0x10001488                stdio_put_string
 .text.__wrap_putchar
                0x10001584       0x94 CMakeFiles/my_pico_project.dir/Users/gulbaran/pico-sdk/src/rp2_common/pico_stdio/stdio.c.o
                0x10001584                stdio_putchar
                0x10001584                __wrap_putchar
 .text.__wrap_puts
                0x10001618       0x3c CMakeFiles/my_pico_project.dir/Users/gulbaran/pico-sdk/src/rp2_common/pico_stdio/stdio.c.o
                0x10001618                __wrap_puts
                0x10001618                stdio_puts
 .text.strlen   0x10001654       0x5c /Applications/ArmGNUToolchain/14.2.rel1/arm-none-eabi/bin/../lib/gcc/arm-none-eabi/14.2.1/../../../../arm-none-eabi/lib/thumb/v6-m/nofp/libg.a(libc_a-strlen-stub.o)
                0x10001654                strlen
 *(.fini)
 .fini          0x100016b0        0x4 /Applications/ArmGNUToolchain/14.2.rel1/arm-none-eabi/bin/../lib/gcc/arm-none-eabi/14.2.1/thumb/v6-m/nofp/crti.o
                0x100016b0                _fini
 *fill*         0x100016b4        0x4 
 .fini.__stub   0x100016b8       0x30 linker stubs
 *crtbegin.o(.ctors)
 *crtbegin?.o(.ctors)
 *(EXCLUDE_FILE(*crtend.o *crtend?.o) .ctors)
 *(SORT_BY_NAME(.ctors.*))
 *(.ctors)
 *crtbegin.o(.dtors)
 *crtbegin?.o(.dtors)
 *(EXCLUDE_FILE(*crtend.o *crtend?.o) .dtors)
 *(SORT_BY_NAME(.dtors.*))
 *(.dtors)
                0x100016e8                        . = ALIGN (0x4)
                0x100016e8                        PROVIDE (__preinit_array_start = .)
 *(SORT_BY_NAME(.preinit_array.*))
 .preinit_array.00100
                0x100016e8        0x4 CMakeFiles/my_pico_project.dir/Users/gulbaran/pico-sdk/src/rp2_common/pico_runtime_init/runtime_init.c.o
                0x100016e8                __pre_init_runtime_init_early_resets
 .preinit_array.00101
                0x100016ec        0x4 CMakeFiles/my_pico_project.dir/Users/gulbaran/pico-sdk/src/rp2_common/pico_runtime_init/runtime_init.c.o
                0x100016ec                __pre_init_runtime_init_usb_power_down
 .preinit_array.00275
                0x100016f0        0x4 CMakeFiles/my_pico_project.dir/Users/gulbaran/pico-sdk/src/rp2_common/pico_bit_ops/bit_ops_aeabi.S.o
 .preinit_array.00300
                0x100016f4        0x4 CMakeFiles/my_pico_project.dir/Users/gulbaran/pico-sdk/src/rp2_common/pico_mem_ops/mem_ops_aeabi.S.o
 .preinit_array.00350
                0x100016f8        0x4 CMakeFiles/my_pico_project.dir/Users/gulbaran/pico-sdk/src/rp2_common/pico_double/double_aeabi_rp2040.S.o
 .preinit_array.00350
                0x100016fc        0x4 CMakeFiles/my_pico_project.dir/Users/gulbaran/pico-sdk/src/rp2_common/pico_float/float_aeabi_rp2040.S.o
 .preinit_array.00500
                0x10001700        0x4 CMakeFiles/my_pico_project.dir/Users/gulbaran/pico-sdk/src/rp2_common/pico_runtime_init/runtime_init.c.o
                0x10001700                __pre_init_runtime_init_clocks
 .preinit_array.00600
                0x10001704        0x4 CMakeFiles/my_pico_project.dir/Users/gulbaran/pico-sdk/src/rp2_common/pico_runtime_init/runtime_init.c.o
                0x10001704                __pre_init_runtime_init_post_clock_resets
 .preinit_array.00700
                0x10001708        0x4 CMakeFiles/my_pico_project.dir/Users/gulbaran/pico-sdk/src/rp2_common/pico_runtime_init/runtime_init.c.o
                0x10001708                __pre_init_runtime_init_rp2040_gpio_ie_disable
 .preinit_array.01000
                0x1000170c        0x4 CMakeFiles/my_pico_project.dir/Users/gulbaran/pico-sdk/src/rp2_common/pico_runtime_init/runtime_init.c.o
                0x1000170c                __pre_init_runtime_init_spin_locks_reset
 .preinit_array.01100
                0x10001710        0x4 CMakeFiles/my_pico_project.dir/Users/gulbaran/pico-sdk/src/common/pico_sync/mutex.c.o
                0x10001710                __pre_init_runtime_init_mutex
 .preinit_array.10080
                0x10001714        0x4 CMakeFiles/my_pico_project.dir/Users/gulbaran/pico-sdk/src/rp2_common/pico_runtime_init/runtime_init.c.o
                0x10001714                __pre_init_runtime_init_install_ram_vector_table
 .preinit_array.11000
                0x10001718        0x4 CMakeFiles/my_pico_project.dir/Users/gulbaran/pico-sdk/src/common/pico_time/time.c.o
                0x10001718                __pre_init_runtime_init_default_alarm_pool
 .preinit_array.YYYYY
                0x1000171c        0x4 CMakeFiles/my_pico_project.dir/Users/gulbaran/pico-sdk/src/rp2_common/pico_runtime/runtime.c.o
                0x1000171c                __pre_init_first_per_core_initializer
 .preinit_array.ZZZZZ.01200
                0x10001720        0x4 CMakeFiles/my_pico_project.dir/Users/gulbaran/pico-sdk/src/rp2_common/hardware_irq/irq.c.o
                0x10001720                __pre_init_runtime_init_per_core_irq_priorities
 *(.preinit_array)
                0x10001724                        PROVIDE (__preinit_array_end = .)
                0x10001724                        . = ALIGN (0x4)
                0x10001724                        PROVIDE (__init_array_start = .)
 *(SORT_BY_NAME(.init_array.*))
 *(.init_array)
 .init_array    0x10001724        0x4 /Applications/ArmGNUToolchain/14.2.rel1/arm-none-eabi/bin/../lib/gcc/arm-none-eabi/14.2.1/thumb/v6-m/nofp/crtbegin.o
                0x10001728                        PROVIDE (__init_array_end = .)
                0x10001728                        . = ALIGN (0x4)
                [!provide]                        PROVIDE (__fini_array_start = .)
 *(SORT_BY_NAME(.fini_array.*))
 *(.fini_array)
                [!provide]                        PROVIDE (__fini_array_end = .)
 *(.eh_frame*)
 .eh_frame      0x10001728        0x0 /Applications/ArmGNUToolchain/14.2.rel1/arm-none-eabi/bin/../lib/gcc/arm-none-eabi/14.2.1/thumb/v6-m/nofp/crtbegin.o
                0x10001728                        . = ALIGN (0x4)

.glue_7         0x10001728        0x0
 .glue_7        0x10001728        0x0 linker stubs

.glue_7t        0x10001728        0x0
 .glue_7t       0x10001728        0x0 linker stubs

.vfp11_veneer   0x10001728        0x0
 .vfp11_veneer  0x10001728        0x0 linker stubs

.v4_bx          0x10001728        0x0
 .v4_bx         0x10001728        0x0 linker stubs

.iplt           0x10001728        0x0
 .iplt          0x10001728        0x0 /Applications/ArmGNUToolchain/14.2.rel1/arm-none-eabi/bin/../lib/gcc/arm-none-eabi/14.2.1/thumb/v6-m/nofp/crtbegin.o

.rodata         0x10001728       0xe0
 *(EXCLUDE_FILE(*libm.a: *libc.a:*lib_a-mem*.o *libgcc.a:) .rodata*)
 .rodata.panic.str1.4
                0x10001728       0x88 CMakeFiles/my_pico_project.dir/Users/gulbaran/pico-sdk/src/rp2_common/pico_platform_panic/panic.c.o
                                 0x12 (size before relaxing)
 .rodata.timer_hardware_alarm_claim.str1.4
                0x100017b0       0x22 CMakeFiles/my_pico_project.dir/Users/gulbaran/pico-sdk/src/rp2_common/hardware_timer/timer.c.o
 .rodata.hard_assertion_failure.str1.4
                0x100017b0        0xc CMakeFiles/my_pico_project.dir/Users/gulbaran/pico-sdk/src/rp2_common/pico_runtime/runtime.c.o
 .rodata.str1.4
                0x100017b0       0x44 CMakeFiles/my_pico_project.dir/Users/gulbaran/pico-sdk/src/rp2_common/pico_standard_binary_info/standard_binary_info.c.o
 .rodata.__bi_84
                0x100017b0        0xc CMakeFiles/my_pico_project.dir/Users/gulbaran/pico-sdk/src/rp2_common/pico_standard_binary_info/standard_binary_info.c.o
 .rodata.__bi_78
                0x100017bc        0xc CMakeFiles/my_pico_project.dir/Users/gulbaran/pico-sdk/src/rp2_common/pico_standard_binary_info/standard_binary_info.c.o
 .rodata.__bi_54
                0x100017c8        0xc CMakeFiles/my_pico_project.dir/Users/gulbaran/pico-sdk/src/rp2_common/pico_standard_binary_info/standard_binary_info.c.o
 .rodata.__bi_48
                0x100017d4        0xc CMakeFiles/my_pico_project.dir/Users/gulbaran/pico-sdk/src/rp2_common/pico_standard_binary_info/standard_binary_info.c.o
 .rodata.__bi_42
                0x100017e0        0xc CMakeFiles/my_pico_project.dir/Users/gulbaran/pico-sdk/src/rp2_common/pico_standard_binary_info/standard_binary_info.c.o
 .rodata.__bi_34
                0x100017ec        0xc CMakeFiles/my_pico_project.dir/Users/gulbaran/pico-sdk/src/rp2_common/pico_standard_binary_info/standard_binary_info.c.o
 .rodata.__bi_26
                0x100017f8        0xc CMakeFiles/my_pico_project.dir/Users/gulbaran/pico-sdk/src/rp2_common/pico_standard_binary_info/standard_binary_info.c.o
 .rodata.crlf_str.0
                0x10001804        0x2 CMakeFiles/my_pico_project.dir/Users/gulbaran/pico-sdk/src/rp2_common/pico_stdio/stdio.c.o
                0x10001808                        . = ALIGN (0x4)
 *fill*         0x10001806        0x2 
 *(SORT_BY_ALIGNMENT(SORT_BY_NAME(.flashdata*)))
                0x10001808                        . = ALIGN (0x4)

.ARM.extab
 *(.ARM.extab* .gnu.linkonce.armextab.*)
                0x10001808                        __exidx_start = .

.ARM.exidx
 *(.ARM.exidx* .gnu.linkonce.armexidx.*)
                0x10001808                        __exidx_end = .
                0x10001808                        . = ALIGN (0x4)
                0x10001808                        __binary_info_start = .

.binary_info    0x10001808       0x1c
 *(.binary_info.keep.*)
 .binary_info.keep.__bi_ptr84
                0x10001808        0x4 CMakeFiles/my_pico_project.dir/Users/gulbaran/pico-sdk/src/rp2_common/pico_standard_binary_info/standard_binary_info.c.o
 .binary_info.keep.__bi_ptr78
                0x1000180c        0x4 CMakeFiles/my_pico_project.dir/Users/gulbaran/pico-sdk/src/rp2_common/pico_standard_binary_info/standard_binary_info.c.o
 .binary_info.keep.__bi_ptr54
                0x10001810        0x4 CMakeFiles/my_pico_project.dir/Users/gulbaran/pico-sdk/src/rp2_common/pico_standard_binary_info/standard_binary_info.c.o
 .binary_info.keep.__bi_ptr48
                0x10001814        0x4 CMakeFiles/my_pico_project.dir/Users/gulbaran/pico-sdk/src/rp2_common/pico_standard_binary_info/standard_binary_info.c.o
 .binary_info.keep.__bi_ptr42
                0x10001818        0x4 CMakeFiles/my_pico_project.dir/Users/gulbaran/pico-sdk/src/rp2_common/pico_standard_binary_info/standard_binary_info.c.o
 .binary_info.keep.__bi_ptr34
                0x1000181c        0x4 CMakeFiles/my_pico_project.dir/Users/gulbaran/pico-sdk/src/rp2_common/pico_standard_binary_info/standard_binary_info.c.o
 .binary_info.keep.__bi_ptr26
                0x10001820        0x4 CMakeFiles/my_pico_project.dir/Users/gulbaran/pico-sdk/src/rp2_common/pico_standard_binary_info/standard_binary_info.c.o
 *(.binary_info.*)
                0x10001824                        __binary_info_end = .

.rel.dyn        0x10001824        0x0
 .rel.iplt      0x10001824        0x0 /Applications/ArmGNUToolchain/14.2.rel1/arm-none-eabi/bin/../lib/gcc/arm-none-eabi/14.2.1/thumb/v6-m/nofp/crtbegin.o
                0x10001824                        . = ALIGN (0x4)

.ram_vector_table
                0x20000000       0xc0
 *(.ram_vector_table)
 .ram_vector_table
                0x20000000       0xc0 CMakeFiles/my_pico_project.dir/Users/gulbaran/pico-sdk/src/rp2_common/pico_runtime_init/runtime_init.c.o
                0x20000000                ram_vector_table

.uninitialized_data
                0x200000c0        0x0
                0x200000c0                        . = ALIGN (0x4)
 *(.uninitialized_data*)

.data           0x200000c0      0x128 load address 0x10001824
                0x200000c0                        __data_start__ = .
 *(vtable)
 *(.time_critical*)
 .time_critical.mutex_try_enter_block_until
                0x200000c0       0x98 CMakeFiles/my_pico_project.dir/Users/gulbaran/pico-sdk/src/common/pico_sync/mutex.c.o
                0x200000c0                mutex_try_enter_block_until
 .time_critical.mutex_exit
                0x20000158       0x28 CMakeFiles/my_pico_project.dir/Users/gulbaran/pico-sdk/src/common/pico_sync/mutex.c.o
                0x20000158                mutex_exit
 *(.text*)
 .text          0x20000180        0x4 /Applications/ArmGNUToolchain/14.2.rel1/arm-none-eabi/bin/../lib/gcc/arm-none-eabi/14.2.1/thumb/v6-m/nofp/libgcc.a(_dvmd_tls.o)
                0x20000180                __aeabi_ldiv0
                0x20000180                __aeabi_idiv0
 *fill*         0x20000184        0x4 
 .text.__stub   0x20000188       0x10 linker stubs
                0x20000198                        . = ALIGN (0x4)
 *(.rodata*)
                0x20000198                        . = ALIGN (0x4)
 *(.data*)
 .data.striped_spin_lock_num
                0x20000198        0x1 CMakeFiles/my_pico_project.dir/Users/gulbaran/pico-sdk/src/rp2_common/hardware_sync/sync.c.o
 *fill*         0x20000199        0x3 
 .data.default_alarm_pool
                0x2000019c       0x18 CMakeFiles/my_pico_project.dir/Users/gulbaran/pico-sdk/src/common/pico_time/time.c.o
 *fill*         0x200001b4        0xc 
 .data.aeabi_bits_funcs
                0x200001c0       0x10 CMakeFiles/my_pico_project.dir/Users/gulbaran/pico-sdk/src/rp2_common/pico_bit_ops/bit_ops_aeabi.S.o
                0x200001c0                aeabi_bits_funcs
                0x200001d0                aeabi_bits_funcs_end
 .data.aeabi_mem_funcs
                0x200001d0       0x10 CMakeFiles/my_pico_project.dir/Users/gulbaran/pico-sdk/src/rp2_common/pico_mem_ops/mem_ops_aeabi.S.o
                0x200001d0                aeabi_mem_funcs
                0x200001e0                aeabi_mem_funcs_end
                0x200001e0                        . = ALIGN (0x4)
 *(.after_data.*)
                0x200001e0                        . = ALIGN (0x4)
                0x200001e0                        PROVIDE (__mutex_array_start = .)
 *(SORT_BY_NAME(.mutex_array.*))
 *(.mutex_array)
 .mutex_array   0x200001e0        0x8 CMakeFiles/my_pico_project.dir/Users/gulbaran/pico-sdk/src/rp2_common/pico_stdio/stdio.c.o
                0x200001e8                        PROVIDE (__mutex_array_end = .)
                0x200001e8                        . = ALIGN (0x4)
 *(.jcr)
                0x200001e8                        . = ALIGN (0x4)

.tm_clone_table
                0x200001e8        0x0 load address 0x1000194c
 .tm_clone_table
                0x200001e8        0x0 /Applications/ArmGNUToolchain/14.2.rel1/arm-none-eabi/bin/../lib/gcc/arm-none-eabi/14.2.1/thumb/v6-m/nofp/crtbegin.o
 .tm_clone_table
                0x200001e8        0x0 /Applications/ArmGNUToolchain/14.2.rel1/arm-none-eabi/bin/../lib/gcc/arm-none-eabi/14.2.1/thumb/v6-m/nofp/crtend.o

.igot.plt       0x200001e8        0x0 load address 0x1000194c
 .igot.plt      0x200001e8        0x0 /Applications/ArmGNUToolchain/14.2.rel1/arm-none-eabi/bin/../lib/gcc/arm-none-eabi/14.2.1/thumb/v6-m/nofp/crtbegin.o

.tdata          0x200001e8        0x0 load address 0x1000194c
                0x200001e8                        . = ALIGN (0x4)
 *(.tdata .tdata.* .gnu.linkonce.td.*)
                0x200001e8                        __tdata_end = .
                0x200001e8                        PROVIDE (__data_end__ = .)
                0x10001824                        __etext = LOADADDR (.data)

.tbss           0x200001e8        0x0 load address 0x1000194c
                0x200001e8                        . = ALIGN (0x4)
                0x200001e8                        __bss_start__ = .
                0x200001e8                        __tls_base = .
 *(.tbss .tbss.* .gnu.linkonce.tb.*)
 *(.tcommon)
                0x200001e8                        __tls_end = .

.bss            0x200001e8      0x3e8 load address 0x1000194c
                0x200001e8                        . = ALIGN (0x4)
                0x200001e8                        __tbss_end = .
 *(SORT_BY_ALIGNMENT(SORT_BY_NAME(.bss*)))
 .bss.default_alarm_pool_entries
                0x200001e8      0x180 CMakeFiles/my_pico_project.dir/Users/gulbaran/pico-sdk/src/common/pico_time/time.c.o
 .bss.sd_table  0x20000368      0x100 CMakeFiles/my_pico_project.dir/Users/gulbaran/pico-sdk/src/rp2_common/pico_double/double_init_rom_rp2040.c.o
                0x20000368                sd_table
 .bss.sf_table  0x20000468      0x100 CMakeFiles/my_pico_project.dir/Users/gulbaran/pico-sdk/src/rp2_common/pico_float/float_init_rom_rp2040.c.o
                0x20000468                sf_table
 .bss.claimed   0x20000568        0x1 CMakeFiles/my_pico_project.dir/Users/gulbaran/pico-sdk/src/rp2_common/hardware_timer/timer.c.o
 *fill*         0x20000569        0x3 
 .bss.configured_freq
                0x2000056c       0x28 CMakeFiles/my_pico_project.dir/Users/gulbaran/pico-sdk/src/rp2_common/hardware_clocks/clocks.c.o
 .bss.drivers   0x20000594        0x4 CMakeFiles/my_pico_project.dir/Users/gulbaran/pico-sdk/src/rp2_common/pico_stdio/stdio.c.o
 .bss.filter    0x20000598        0x4 CMakeFiles/my_pico_project.dir/Users/gulbaran/pico-sdk/src/rp2_common/pico_stdio/stdio.c.o
 .bss.lazy_vsnprintf
                0x2000059c        0x4 CMakeFiles/my_pico_project.dir/Users/gulbaran/pico-sdk/src/rp2_common/pico_printf/printf.c.o
 .bss.object.0  0x200005a0       0x18 /Applications/ArmGNUToolchain/14.2.rel1/arm-none-eabi/bin/../lib/gcc/arm-none-eabi/14.2.1/thumb/v6-m/nofp/crtbegin.o
 .bss.pools     0x200005b8       0x10 CMakeFiles/my_pico_project.dir/Users/gulbaran/pico-sdk/src/common/pico_time/time.c.o
 .bss.sf_clz_func
                0x200005c8        0x4 CMakeFiles/my_pico_project.dir/Users/gulbaran/pico-sdk/src/rp2_common/pico_double/double_init_rom_rp2040.c.o
                0x200005c8                sf_clz_func
 .bss.sleep_notifier
                0x200005cc        0x4 CMakeFiles/my_pico_project.dir/Users/gulbaran/pico-sdk/src/common/pico_time/time.c.o
 *(COMMON)
                0x200005d0                        . = ALIGN (0x4)
                0x200005d0                        __bss_end__ = .

.heap           0x200005d0      0x800 load address 0x1000194c
                0x200005d0                        __end__ = .
                0x200005d0                        end = __end__
 *(.heap*)
 .heap          0x200005d0      0x800 CMakeFiles/my_pico_project.dir/Users/gulbaran/pico-sdk/src/rp2_common/pico_crt0/crt0.S.o
                0x20040000                        __HeapLimit = (ORIGIN (RAM) + LENGTH (RAM))

.scratch_x      0x20040000        0x0 load address 0x1000194c
                0x20040000                        __scratch_x_start__ = .
 *(.scratch_x.*)
                0x20040000                        . = ALIGN (0x4)
                0x20040000                        __scratch_x_end__ = .
                0x1000194c                        __scratch_x_source__ = LOADADDR (.scratch_x)

.scratch_y      0x20041000        0x0 load address 0x1000194c
                0x20041000                        __scratch_y_start__ = .
 *(.scratch_y.*)
                0x20041000                        . = ALIGN (0x4)
                0x20041000                        __scratch_y_end__ = .
                0x1000194c                        __scratch_y_source__ = LOADADDR (.scratch_y)

.stack1_dummy
 *(.stack1*)

.stack_dummy    0x20041000      0x800
 *(.stack*)
 .stack         0x20041000      0x800 CMakeFiles/my_pico_project.dir/Users/gulbaran/pico-sdk/src/rp2_common/pico_crt0/crt0.S.o

.flash_end      0x1000194c        0x0
 *(.embedded_end_block*)
                0x1000194c                        PROVIDE (__flash_binary_end = .)
                0x20040000                        __StackLimit = (ORIGIN (RAM) + LENGTH (RAM))
                0x20041000                        __StackOneTop = (ORIGIN (SCRATCH_X) + LENGTH (SCRATCH_X))
                0x20042000                        __StackTop = (ORIGIN (SCRATCH_Y) + LENGTH (SCRATCH_Y))
                0x20041000                        __StackOneBottom = (__StackOneTop - SIZEOF (.stack1_dummy))
                0x20041800                        __StackBottom = (__StackTop - SIZEOF (.stack_dummy))
                0x20042000                        PROVIDE (__stack = __StackTop)
                [!provide]                        PROVIDE (__heap_start = __end__)
                [!provide]                        PROVIDE (__heap_end = __HeapLimit)
                [!provide]                        PROVIDE (__tls_align = MAX (ALIGNOF (.tdata), ALIGNOF (.tbss)))
                [!provide]                        PROVIDE (__tls_size_align = (((__tls_size + __tls_align) - 0x1) & ~ ((__tls_align - 0x1))))
                [!provide]                        PROVIDE (__arm32_tls_tcb_offset = MAX (0x8, __tls_align))
                [!provide]                        PROVIDE (_end = __end__)
                [!provide]                        PROVIDE (__llvm_libc_heap_limit = __HeapLimit)
                0x00000001                        ASSERT ((__StackLimit >= __HeapLimit), region RAM overflowed)
                0x00000001                        ASSERT (((__binary_info_header_end - __logical_binary_start) <= 0x100), Binary info must be in first 256 bytes of the binary)
LOAD CMakeFiles/my_pico_project.dir/main.c.o
LOAD CMakeFiles/my_pico_project.dir/Users/gulbaran/pico-sdk/src/rp2_common/pico_stdlib/stdlib.c.o
LOAD CMakeFiles/my_pico_project.dir/Users/gulbaran/pico-sdk/src/rp2_common/hardware_gpio/gpio.c.o
LOAD CMakeFiles/my_pico_project.dir/Users/gulbaran/pico-sdk/src/rp2040/pico_platform/platform.c.o
LOAD CMakeFiles/my_pico_project.dir/Users/gulbaran/pico-sdk/src/rp2_common/pico_platform_panic/panic.c.o
LOAD CMakeFiles/my_pico_project.dir/Users/gulbaran/pico-sdk/src/common/hardware_claim/claim.c.o
LOAD CMakeFiles/my_pico_project.dir/Users/gulbaran/pico-sdk/src/rp2_common/hardware_sync/sync.c.o
LOAD CMakeFiles/my_pico_project.dir/Users/gulbaran/pico-sdk/src/rp2_common/hardware_sync_spin_lock/sync_spin_lock.c.o
LOAD CMakeFiles/my_pico_project.dir/Users/gulbaran/pico-sdk/src/rp2_common/hardware_irq/irq.c.o
LOAD CMakeFiles/my_pico_project.dir/Users/gulbaran/pico-sdk/src/rp2_common/hardware_irq/irq_handler_chain.S.o
LOAD CMakeFiles/my_pico_project.dir/Users/gulbaran/pico-sdk/src/common/pico_sync/sem.c.o
LOAD CMakeFiles/my_pico_project.dir/Users/gulbaran/pico-sdk/src/common/pico_sync/lock_core.c.o
LOAD CMakeFiles/my_pico_project.dir/Users/gulbaran/pico-sdk/src/common/pico_sync/mutex.c.o
LOAD CMakeFiles/my_pico_project.dir/Users/gulbaran/pico-sdk/src/common/pico_sync/critical_section.c.o
LOAD CMakeFiles/my_pico_project.dir/Users/gulbaran/pico-sdk/src/common/pico_time/time.c.o
LOAD CMakeFiles/my_pico_project.dir/Users/gulbaran/pico-sdk/src/common/pico_time/timeout_helper.c.o
LOAD CMakeFiles/my_pico_project.dir/Users/gulbaran/pico-sdk/src/rp2_common/hardware_timer/timer.c.o
LOAD CMakeFiles/my_pico_project.dir/Users/gulbaran/pico-sdk/src/common/pico_util/datetime.c.o
LOAD CMakeFiles/my_pico_project.dir/Users/gulbaran/pico-sdk/src/common/pico_util/pheap.c.o
LOAD CMakeFiles/my_pico_project.dir/Users/gulbaran/pico-sdk/src/common/pico_util/queue.c.o
LOAD CMakeFiles/my_pico_project.dir/Users/gulbaran/pico-sdk/src/rp2_common/hardware_uart/uart.c.o
LOAD CMakeFiles/my_pico_project.dir/Users/gulbaran/pico-sdk/src/rp2_common/hardware_clocks/clocks.c.o
LOAD CMakeFiles/my_pico_project.dir/Users/gulbaran/pico-sdk/src/rp2_common/hardware_pll/pll.c.o
LOAD CMakeFiles/my_pico_project.dir/Users/gulbaran/pico-sdk/src/rp2_common/hardware_vreg/vreg.c.o
LOAD CMakeFiles/my_pico_project.dir/Users/gulbaran/pico-sdk/src/rp2_common/hardware_watchdog/watchdog.c.o
LOAD CMakeFiles/my_pico_project.dir/Users/gulbaran/pico-sdk/src/rp2_common/hardware_ticks/ticks.c.o
LOAD CMakeFiles/my_pico_project.dir/Users/gulbaran/pico-sdk/src/rp2_common/pico_bootrom/bootrom.c.o
LOAD CMakeFiles/my_pico_project.dir/Users/gulbaran/pico-sdk/src/rp2_common/pico_bootrom/bootrom_lock.c.o
LOAD CMakeFiles/my_pico_project.dir/Users/gulbaran/pico-sdk/src/rp2_common/hardware_boot_lock/boot_lock.c.o
LOAD CMakeFiles/my_pico_project.dir/Users/gulbaran/pico-sdk/src/rp2_common/pico_flash/flash.c.o
LOAD CMakeFiles/my_pico_project.dir/Users/gulbaran/pico-sdk/src/rp2_common/hardware_xosc/xosc.c.o
LOAD CMakeFiles/my_pico_project.dir/Users/gulbaran/pico-sdk/src/rp2_common/hardware_divider/divider.S.o
LOAD CMakeFiles/my_pico_project.dir/Users/gulbaran/pico-sdk/src/rp2_common/pico_runtime/runtime.c.o
LOAD CMakeFiles/my_pico_project.dir/Users/gulbaran/pico-sdk/src/rp2_common/pico_runtime_init/runtime_init.c.o
LOAD CMakeFiles/my_pico_project.dir/Users/gulbaran/pico-sdk/src/rp2_common/pico_runtime_init/runtime_init_clocks.c.o
LOAD CMakeFiles/my_pico_project.dir/Users/gulbaran/pico-sdk/src/rp2_common/pico_runtime_init/runtime_init_stack_guard.c.o
LOAD CMakeFiles/my_pico_project.dir/Users/gulbaran/pico-sdk/src/rp2_common/pico_bit_ops/bit_ops_aeabi.S.o
LOAD CMakeFiles/my_pico_project.dir/Users/gulbaran/pico-sdk/src/rp2_common/pico_divider/divider_hardware.S.o
LOAD CMakeFiles/my_pico_project.dir/Users/gulbaran/pico-sdk/src/rp2_common/pico_double/double_aeabi_rp2040.S.o
LOAD CMakeFiles/my_pico_project.dir/Users/gulbaran/pico-sdk/src/rp2_common/pico_double/double_init_rom_rp2040.c.o
LOAD CMakeFiles/my_pico_project.dir/Users/gulbaran/pico-sdk/src/rp2_common/pico_double/double_math.c.o
LOAD CMakeFiles/my_pico_project.dir/Users/gulbaran/pico-sdk/src/rp2_common/pico_double/double_v1_rom_shim_rp2040.S.o
LOAD CMakeFiles/my_pico_project.dir/Users/gulbaran/pico-sdk/src/rp2_common/pico_int64_ops/pico_int64_ops_aeabi.S.o
LOAD CMakeFiles/my_pico_project.dir/Users/gulbaran/pico-sdk/src/rp2_common/pico_float/float_aeabi_rp2040.S.o
LOAD CMakeFiles/my_pico_project.dir/Users/gulbaran/pico-sdk/src/rp2_common/pico_float/float_init_rom_rp2040.c.o
LOAD CMakeFiles/my_pico_project.dir/Users/gulbaran/pico-sdk/src/rp2_common/pico_float/float_math.c.o
LOAD CMakeFiles/my_pico_project.dir/Users/gulbaran/pico-sdk/src/rp2_common/pico_float/float_v1_rom_shim_rp2040.S.o
LOAD CMakeFiles/my_pico_project.dir/Users/gulbaran/pico-sdk/src/rp2_common/pico_malloc/malloc.c.o
LOAD CMakeFiles/my_pico_project.dir/Users/gulbaran/pico-sdk/src/rp2_common/pico_mem_ops/mem_ops_aeabi.S.o
LOAD CMakeFiles/my_pico_project.dir/Users/gulbaran/pico-sdk/src/rp2_common/pico_atomic/atomic.c.o
LOAD CMakeFiles/my_pico_project.dir/Users/gulbaran/pico-sdk/src/rp2_common/pico_cxx_options/new_delete.cpp.o
LOAD CMakeFiles/my_pico_project.dir/Users/gulbaran/pico-sdk/src/rp2_common/pico_standard_binary_info/standard_binary_info.c.o
LOAD CMakeFiles/my_pico_project.dir/Users/gulbaran/pico-sdk/src/rp2_common/pico_printf/printf.c.o
LOAD CMakeFiles/my_pico_project.dir/Users/gulbaran/pico-sdk/src/rp2_common/pico_crt0/crt0.S.o
LOAD CMakeFiles/my_pico_project.dir/Users/gulbaran/pico-sdk/src/rp2_common/pico_clib_interface/newlib_interface.c.o
LOAD CMakeFiles/my_pico_project.dir/Users/gulbaran/pico-sdk/src/rp2_common/pico_stdio/stdio.c.o
LOAD CMakeFiles/my_pico_project.dir/Users/gulbaran/pico-sdk/src/rp2_common/pico_stdio_uart/stdio_uart.c.o
LOAD pico-sdk/src/rp2040/boot_stage2/CMakeFiles/bs2_default_library.dir/bs2_default_padded_checksummed.S.o
LOAD /Applications/ArmGNUToolchain/14.2.rel1/arm-none-eabi/bin/../lib/gcc/arm-none-eabi/14.2.1/../../../../arm-none-eabi/lib/thumb/v6-m/nofp/libstdc++.a
LOAD /Applications/ArmGNUToolchain/14.2.rel1/arm-none-eabi/bin/../lib/gcc/arm-none-eabi/14.2.1/../../../../arm-none-eabi/lib/thumb/v6-m/nofp/libm.a
START GROUP
LOAD /Applications/ArmGNUToolchain/14.2.rel1/arm-none-eabi/bin/../lib/gcc/arm-none-eabi/14.2.1/thumb/v6-m/nofp/libgcc.a
LOAD /Applications/ArmGNUToolchain/14.2.rel1/arm-none-eabi/bin/../lib/gcc/arm-none-eabi/14.2.1/../../../../arm-none-eabi/lib/thumb/v6-m/nofp/libg.a
LOAD /Applications/ArmGNUToolchain/14.2.rel1/arm-none-eabi/bin/../lib/gcc/arm-none-eabi/14.2.1/../../../../arm-none-eabi/lib/thumb/v6-m/nofp/libc.a
END GROUP
START GROUP
LOAD /Applications/ArmGNUToolchain/14.2.rel1/arm-none-eabi/bin/../lib/gcc/arm-none-eabi/14.2.1/thumb/v6-m/nofp/libgcc.a
LOAD /Applications/ArmGNUToolchain/14.2.rel1/arm-none-eabi/bin/../lib/gcc/arm-none-eabi/14.2.1/../../../../arm-none-eabi/lib/thumb/v6-m/nofp/libc.a
LOAD /Applications/ArmGNUToolchain/14.2.rel1/arm-none-eabi/bin/../lib/gcc/arm-none-eabi/14.2.1/../../../../arm-none-eabi/lib/thumb/v6-m/nofp/libnosys.a
END GROUP
LOAD /Applications/ArmGNUToolchain/14.2.rel1/arm-none-eabi/bin/../lib/gcc/arm-none-eabi/14.2.1/thumb/v6-m/nofp/crtend.o
LOAD /Applications/ArmGNUToolchain/14.2.rel1/arm-none-eabi/bin/../lib/gcc/arm-none-eabi/14.2.1/thumb/v6-m/nofp/crtn.o
OUTPUT(my_pico_project.elf elf32-littlearm)
LOAD linker stubs

.ARM.attributes
                0x00000000       0x28
 .ARM.attributes
                0x00000000       0x1e /Applications/ArmGNUToolchain/14.2.rel1/arm-none-eabi/bin/../lib/gcc/arm-none-eabi/14.2.1/thumb/v6-m/nofp/crti.o
 .ARM.attributes
                0x0000001e       0x2c /Applications/ArmGNUToolchain/14.2.rel1/arm-none-eabi/bin/../lib/gcc/arm-none-eabi/14.2.1/thumb/v6-m/nofp/crtbegin.o
 .ARM.attributes
                0x0000004a       0x2c CMakeFiles/my_pico_project.dir/main.c.o
 .ARM.attributes
                0x00000076       0x2c CMakeFiles/my_pico_project.dir/Users/gulbaran/pico-sdk/src/rp2_common/hardware_gpio/gpio.c.o
 .ARM.attributes
                0x000000a2       0x2c CMakeFiles/my_pico_project.dir/Users/gulbaran/pico-sdk/src/rp2_common/pico_platform_panic/panic.c.o
 .ARM.attributes
                0x000000ce       0x2c CMakeFiles/my_pico_project.dir/Users/gulbaran/pico-sdk/src/common/hardware_claim/claim.c.o
 .ARM.attributes
                0x000000fa       0x2c CMakeFiles/my_pico_project.dir/Users/gulbaran/pico-sdk/src/rp2_common/hardware_sync/sync.c.o
 .ARM.attributes
                0x00000126       0x2c CMakeFiles/my_pico_project.dir/Users/gulbaran/pico-sdk/src/rp2_common/hardware_sync_spin_lock/sync_spin_lock.c.o
 .ARM.attributes
                0x00000152       0x2c CMakeFiles/my_pico_project.dir/Users/gulbaran/pico-sdk/src/rp2_common/hardware_irq/irq.c.o
 .ARM.attributes
                0x0000017e       0x2c CMakeFiles/my_pico_project.dir/Users/gulbaran/pico-sdk/src/common/pico_sync/lock_core.c.o
 .ARM.attributes
                0x000001aa       0x2c CMakeFiles/my_pico_project.dir/Users/gulbaran/pico-sdk/src/common/pico_sync/mutex.c.o
 .ARM.attributes
                0x000001d6       0x2c CMakeFiles/my_pico_project.dir/Users/gulbaran/pico-sdk/src/common/pico_time/time.c.o
 .ARM.attributes
                0x00000202       0x2c CMakeFiles/my_pico_project.dir/Users/gulbaran/pico-sdk/src/rp2_common/hardware_timer/timer.c.o
 .ARM.attributes
                0x0000022e       0x2c CMakeFiles/my_pico_project.dir/Users/gulbaran/pico-sdk/src/rp2_common/hardware_clocks/clocks.c.o
 .ARM.attributes
                0x0000025a       0x2c CMakeFiles/my_pico_project.dir/Users/gulbaran/pico-sdk/src/rp2_common/hardware_pll/pll.c.o
 .ARM.attributes
                0x00000286       0x2c CMakeFiles/my_pico_project.dir/Users/gulbaran/pico-sdk/src/rp2_common/hardware_ticks/ticks.c.o
 .ARM.attributes
                0x000002b2       0x2c CMakeFiles/my_pico_project.dir/Users/gulbaran/pico-sdk/src/rp2_common/pico_bootrom/bootrom.c.o
 .ARM.attributes
                0x000002de       0x2c CMakeFiles/my_pico_project.dir/Users/gulbaran/pico-sdk/src/rp2_common/hardware_xosc/xosc.c.o
 .ARM.attributes
                0x0000030a       0x2c CMakeFiles/my_pico_project.dir/Users/gulbaran/pico-sdk/src/rp2_common/pico_runtime/runtime.c.o
 .ARM.attributes
                0x00000336       0x2c CMakeFiles/my_pico_project.dir/Users/gulbaran/pico-sdk/src/rp2_common/pico_runtime_init/runtime_init.c.o
 .ARM.attributes
                0x00000362       0x2c CMakeFiles/my_pico_project.dir/Users/gulbaran/pico-sdk/src/rp2_common/pico_runtime_init/runtime_init_clocks.c.o
 .ARM.attributes
                0x0000038e       0x22 CMakeFiles/my_pico_project.dir/Users/gulbaran/pico-sdk/src/rp2_common/pico_bit_ops/bit_ops_aeabi.S.o
 .ARM.attributes
                0x000003b0       0x22 CMakeFiles/my_pico_project.dir/Users/gulbaran/pico-sdk/src/rp2_common/pico_divider/divider_hardware.S.o
 .ARM.attributes
                0x000003d2       0x22 CMakeFiles/my_pico_project.dir/Users/gulbaran/pico-sdk/src/rp2_common/pico_double/double_aeabi_rp2040.S.o
 .ARM.attributes
                0x000003f4       0x2c CMakeFiles/my_pico_project.dir/Users/gulbaran/pico-sdk/src/rp2_common/pico_double/double_init_rom_rp2040.c.o
 .ARM.attributes
                0x00000420       0x22 CMakeFiles/my_pico_project.dir/Users/gulbaran/pico-sdk/src/rp2_common/pico_double/double_v1_rom_shim_rp2040.S.o
 .ARM.attributes
                0x00000442       0x22 CMakeFiles/my_pico_project.dir/Users/gulbaran/pico-sdk/src/rp2_common/pico_int64_ops/pico_int64_ops_aeabi.S.o
 .ARM.attributes
                0x00000464       0x22 CMakeFiles/my_pico_project.dir/Users/gulbaran/pico-sdk/src/rp2_common/pico_float/float_aeabi_rp2040.S.o
 .ARM.attributes
                0x00000486       0x2c CMakeFiles/my_pico_project.dir/Users/gulbaran/pico-sdk/src/rp2_common/pico_float/float_init_rom_rp2040.c.o
 .ARM.attributes
                0x000004b2       0x22 CMakeFiles/my_pico_project.dir/Users/gulbaran/pico-sdk/src/rp2_common/pico_float/float_v1_rom_shim_rp2040.S.o
 .ARM.attributes
                0x000004d4       0x22 CMakeFiles/my_pico_project.dir/Users/gulbaran/pico-sdk/src/rp2_common/pico_mem_ops/mem_ops_aeabi.S.o
 .ARM.attributes
                0x000004f6       0x2c CMakeFiles/my_pico_project.dir/Users/gulbaran/pico-sdk/src/rp2_common/pico_standard_binary_info/standard_binary_info.c.o
 .ARM.attributes
                0x00000522       0x2c CMakeFiles/my_pico_project.dir/Users/gulbaran/pico-sdk/src/rp2_common/pico_printf/printf.c.o
 .ARM.attributes
                0x0000054e       0x22 CMakeFiles/my_pico_project.dir/Users/gulbaran/pico-sdk/src/rp2_common/pico_crt0/crt0.S.o
 .ARM.attributes
                0x00000570       0x2c CMakeFiles/my_pico_project.dir/Users/gulbaran/pico-sdk/src/rp2_common/pico_clib_interface/newlib_interface.c.o
 .ARM.attributes
                0x0000059c       0x2c CMakeFiles/my_pico_project.dir/Users/gulbaran/pico-sdk/src/rp2_common/pico_stdio/stdio.c.o
 .ARM.attributes
                0x000005c8       0x22 pico-sdk/src/rp2040/boot_stage2/CMakeFiles/bs2_default_library.dir/bs2_default_padded_checksummed.S.o
 .ARM.attributes
                0x000005ea       0x1e /Applications/ArmGNUToolchain/14.2.rel1/arm-none-eabi/bin/../lib/gcc/arm-none-eabi/14.2.1/thumb/v6-m/nofp/libgcc.a(_dvmd_tls.o)
 .ARM.attributes
                0x00000608       0x2c /Applications/ArmGNUToolchain/14.2.rel1/arm-none-eabi/bin/../lib/gcc/arm-none-eabi/14.2.1/../../../../arm-none-eabi/lib/thumb/v6-m/nofp/libg.a(libc_a-strlen-stub.o)
 .ARM.attributes
                0x00000634       0x2c /Applications/ArmGNUToolchain/14.2.rel1/arm-none-eabi/bin/../lib/gcc/arm-none-eabi/14.2.1/thumb/v6-m/nofp/crtend.o

.comment        0x00000000       0x45
 .comment       0x00000000       0x45 CMakeFiles/my_pico_project.dir/main.c.o
                                 0x46 (size before relaxing)
 .comment       0x00000045       0x46 CMakeFiles/my_pico_project.dir/Users/gulbaran/pico-sdk/src/rp2_common/hardware_gpio/gpio.c.o
 .comment       0x00000045       0x46 CMakeFiles/my_pico_project.dir/Users/gulbaran/pico-sdk/src/rp2_common/pico_platform_panic/panic.c.o
 .comment       0x00000045       0x46 CMakeFiles/my_pico_project.dir/Users/gulbaran/pico-sdk/src/common/hardware_claim/claim.c.o
 .comment       0x00000045       0x46 CMakeFiles/my_pico_project.dir/Users/gulbaran/pico-sdk/src/rp2_common/hardware_sync/sync.c.o
 .comment       0x00000045       0x46 CMakeFiles/my_pico_project.dir/Users/gulbaran/pico-sdk/src/rp2_common/hardware_sync_spin_lock/sync_spin_lock.c.o
 .comment       0x00000045       0x46 CMakeFiles/my_pico_project.dir/Users/gulbaran/pico-sdk/src/rp2_common/hardware_irq/irq.c.o
 .comment       0x00000045       0x46 CMakeFiles/my_pico_project.dir/Users/gulbaran/pico-sdk/src/common/pico_sync/lock_core.c.o
 .comment       0x00000045       0x46 CMakeFiles/my_pico_project.dir/Users/gulbaran/pico-sdk/src/common/pico_sync/mutex.c.o
 .comment       0x00000045       0x46 CMakeFiles/my_pico_project.dir/Users/gulbaran/pico-sdk/src/common/pico_time/time.c.o
 .comment       0x00000045       0x46 CMakeFiles/my_pico_project.dir/Users/gulbaran/pico-sdk/src/rp2_common/hardware_timer/timer.c.o
 .comment       0x00000045       0x46 CMakeFiles/my_pico_project.dir/Users/gulbaran/pico-sdk/src/rp2_common/hardware_clocks/clocks.c.o
 .comment       0x00000045       0x46 CMakeFiles/my_pico_project.dir/Users/gulbaran/pico-sdk/src/rp2_common/hardware_pll/pll.c.o
 .comment       0x00000045       0x46 CMakeFiles/my_pico_project.dir/Users/gulbaran/pico-sdk/src/rp2_common/hardware_ticks/ticks.c.o
 .comment       0x00000045       0x46 CMakeFiles/my_pico_project.dir/Users/gulbaran/pico-sdk/src/rp2_common/pico_bootrom/bootrom.c.o
 .comment       0x00000045       0x46 CMakeFiles/my_pico_project.dir/Users/gulbaran/pico-sdk/src/rp2_common/hardware_xosc/xosc.c.o
 .comment       0x00000045       0x46 CMakeFiles/my_pico_project.dir/Users/gulbaran/pico-sdk/src/rp2_common/pico_runtime/runtime.c.o
 .comment       0x00000045       0x46 CMakeFiles/my_pico_project.dir/Users/gulbaran/pico-sdk/src/rp2_common/pico_runtime_init/runtime_init.c.o
 .comment       0x00000045       0x46 CMakeFiles/my_pico_project.dir/Users/gulbaran/pico-sdk/src/rp2_common/pico_runtime_init/runtime_init_clocks.c.o
 .comment       0x00000045       0x46 CMakeFiles/my_pico_project.dir/Users/gulbaran/pico-sdk/src/rp2_common/pico_double/double_init_rom_rp2040.c.o
 .comment       0x00000045       0x46 CMakeFiles/my_pico_project.dir/Users/gulbaran/pico-sdk/src/rp2_common/pico_float/float_init_rom_rp2040.c.o
 .comment       0x00000045       0x46 CMakeFiles/my_pico_project.dir/Users/gulbaran/pico-sdk/src/rp2_common/pico_standard_binary_info/standard_binary_info.c.o
 .comment       0x00000045       0x46 CMakeFiles/my_pico_project.dir/Users/gulbaran/pico-sdk/src/rp2_common/pico_printf/printf.c.o
 .comment       0x00000045       0x46 CMakeFiles/my_pico_project.dir/Users/gulbaran/pico-sdk/src/rp2_common/pico_clib_interface/newlib_interface.c.o
 .comment       0x00000045       0x46 CMakeFiles/my_pico_project.dir/Users/gulbaran/pico-sdk/src/rp2_common/pico_stdio/stdio.c.o

.debug_info     0x00000000    0x1a1b1
 .debug_info    0x00000000      0x603 CMakeFiles/my_pico_project.dir/main.c.o
 .debug_info    0x00000603     0x242d CMakeFiles/my_pico_project.dir/Users/gulbaran/pico-sdk/src/rp2_common/hardware_gpio/gpio.c.o
 .debug_info    0x00002a30      0x1bf CMakeFiles/my_pico_project.dir/Users/gulbaran/pico-sdk/src/rp2_common/pico_platform_panic/panic.c.o
 .debug_info    0x00002bef      0x9a1 CMakeFiles/my_pico_project.dir/Users/gulbaran/pico-sdk/src/common/hardware_claim/claim.c.o
 .debug_info    0x00003590      0x45c CMakeFiles/my_pico_project.dir/Users/gulbaran/pico-sdk/src/rp2_common/hardware_sync/sync.c.o
 .debug_info    0x000039ec      0x245 CMakeFiles/my_pico_project.dir/Users/gulbaran/pico-sdk/src/rp2_common/hardware_sync_spin_lock/sync_spin_lock.c.o
 .debug_info    0x00003c31     0x220f CMakeFiles/my_pico_project.dir/Users/gulbaran/pico-sdk/src/rp2_common/hardware_irq/irq.c.o
 .debug_info    0x00005e40      0x15f CMakeFiles/my_pico_project.dir/Users/gulbaran/pico-sdk/src/common/pico_sync/lock_core.c.o
 .debug_info    0x00005f9f     0x27f1 CMakeFiles/my_pico_project.dir/Users/gulbaran/pico-sdk/src/common/pico_sync/mutex.c.o
 .debug_info    0x00008790     0x5036 CMakeFiles/my_pico_project.dir/Users/gulbaran/pico-sdk/src/common/pico_time/time.c.o
 .debug_info    0x0000d7c6     0x2b13 CMakeFiles/my_pico_project.dir/Users/gulbaran/pico-sdk/src/rp2_common/hardware_timer/timer.c.o
 .debug_info    0x000102d9     0x2991 CMakeFiles/my_pico_project.dir/Users/gulbaran/pico-sdk/src/rp2_common/hardware_clocks/clocks.c.o
 .debug_info    0x00012c6a      0x4e5 CMakeFiles/my_pico_project.dir/Users/gulbaran/pico-sdk/src/rp2_common/hardware_pll/pll.c.o
 .debug_info    0x0001314f      0x248 CMakeFiles/my_pico_project.dir/Users/gulbaran/pico-sdk/src/rp2_common/hardware_ticks/ticks.c.o
 .debug_info    0x00013397      0x678 CMakeFiles/my_pico_project.dir/Users/gulbaran/pico-sdk/src/rp2_common/pico_bootrom/bootrom.c.o
 .debug_info    0x00013a0f      0x1d0 CMakeFiles/my_pico_project.dir/Users/gulbaran/pico-sdk/src/rp2_common/hardware_xosc/xosc.c.o
 .debug_info    0x00013bdf      0x21a CMakeFiles/my_pico_project.dir/Users/gulbaran/pico-sdk/src/rp2_common/pico_runtime/runtime.c.o
 .debug_info    0x00013df9      0x795 CMakeFiles/my_pico_project.dir/Users/gulbaran/pico-sdk/src/rp2_common/pico_runtime_init/runtime_init.c.o
 .debug_info    0x0001458e      0x781 CMakeFiles/my_pico_project.dir/Users/gulbaran/pico-sdk/src/rp2_common/pico_runtime_init/runtime_init_clocks.c.o
 .debug_info    0x00014d0f       0x23 CMakeFiles/my_pico_project.dir/Users/gulbaran/pico-sdk/src/rp2_common/pico_bit_ops/bit_ops_aeabi.S.o
 .debug_info    0x00014d32       0x23 CMakeFiles/my_pico_project.dir/Users/gulbaran/pico-sdk/src/rp2_common/pico_divider/divider_hardware.S.o
 .debug_info    0x00014d55       0x23 CMakeFiles/my_pico_project.dir/Users/gulbaran/pico-sdk/src/rp2_common/pico_double/double_aeabi_rp2040.S.o
 .debug_info    0x00014d78      0x27e CMakeFiles/my_pico_project.dir/Users/gulbaran/pico-sdk/src/rp2_common/pico_double/double_init_rom_rp2040.c.o
 .debug_info    0x00014ff6       0x23 CMakeFiles/my_pico_project.dir/Users/gulbaran/pico-sdk/src/rp2_common/pico_double/double_v1_rom_shim_rp2040.S.o
 .debug_info    0x00015019       0x24 CMakeFiles/my_pico_project.dir/Users/gulbaran/pico-sdk/src/rp2_common/pico_int64_ops/pico_int64_ops_aeabi.S.o
 .debug_info    0x0001503d       0x23 CMakeFiles/my_pico_project.dir/Users/gulbaran/pico-sdk/src/rp2_common/pico_float/float_aeabi_rp2040.S.o
 .debug_info    0x00015060      0x27e CMakeFiles/my_pico_project.dir/Users/gulbaran/pico-sdk/src/rp2_common/pico_float/float_init_rom_rp2040.c.o
 .debug_info    0x000152de       0x23 CMakeFiles/my_pico_project.dir/Users/gulbaran/pico-sdk/src/rp2_common/pico_float/float_v1_rom_shim_rp2040.S.o
 .debug_info    0x00015301       0x23 CMakeFiles/my_pico_project.dir/Users/gulbaran/pico-sdk/src/rp2_common/pico_mem_ops/mem_ops_aeabi.S.o
 .debug_info    0x00015324      0x2b8 CMakeFiles/my_pico_project.dir/Users/gulbaran/pico-sdk/src/rp2_common/pico_standard_binary_info/standard_binary_info.c.o
 .debug_info    0x000155dc     0x22f2 CMakeFiles/my_pico_project.dir/Users/gulbaran/pico-sdk/src/rp2_common/pico_printf/printf.c.o
 .debug_info    0x000178ce       0x23 CMakeFiles/my_pico_project.dir/Users/gulbaran/pico-sdk/src/rp2_common/pico_crt0/crt0.S.o
 .debug_info    0x000178f1      0xb54 CMakeFiles/my_pico_project.dir/Users/gulbaran/pico-sdk/src/rp2_common/pico_clib_interface/newlib_interface.c.o
 .debug_info    0x00018445     0x1d6c CMakeFiles/my_pico_project.dir/Users/gulbaran/pico-sdk/src/rp2_common/pico_stdio/stdio.c.o

.debug_abbrev   0x00000000     0x4983
 .debug_abbrev  0x00000000      0x1d1 CMakeFiles/my_pico_project.dir/main.c.o
 .debug_abbrev  0x000001d1      0x50e CMakeFiles/my_pico_project.dir/Users/gulbaran/pico-sdk/src/rp2_common/hardware_gpio/gpio.c.o
 .debug_abbrev  0x000006df      0x12b CMakeFiles/my_pico_project.dir/Users/gulbaran/pico-sdk/src/rp2_common/pico_platform_panic/panic.c.o
 .debug_abbrev  0x0000080a      0x328 CMakeFiles/my_pico_project.dir/Users/gulbaran/pico-sdk/src/common/hardware_claim/claim.c.o
 .debug_abbrev  0x00000b32      0x20f CMakeFiles/my_pico_project.dir/Users/gulbaran/pico-sdk/src/rp2_common/hardware_sync/sync.c.o
 .debug_abbrev  0x00000d41      0x1bb CMakeFiles/my_pico_project.dir/Users/gulbaran/pico-sdk/src/rp2_common/hardware_sync_spin_lock/sync_spin_lock.c.o
 .debug_abbrev  0x00000efc      0x614 CMakeFiles/my_pico_project.dir/Users/gulbaran/pico-sdk/src/rp2_common/hardware_irq/irq.c.o
 .debug_abbrev  0x00001510       0xee CMakeFiles/my_pico_project.dir/Users/gulbaran/pico-sdk/src/common/pico_sync/lock_core.c.o
 .debug_abbrev  0x000015fe      0x48c CMakeFiles/my_pico_project.dir/Users/gulbaran/pico-sdk/src/common/pico_sync/mutex.c.o
 .debug_abbrev  0x00001a8a      0x659 CMakeFiles/my_pico_project.dir/Users/gulbaran/pico-sdk/src/common/pico_time/time.c.o
 .debug_abbrev  0x000020e3      0x4f2 CMakeFiles/my_pico_project.dir/Users/gulbaran/pico-sdk/src/rp2_common/hardware_timer/timer.c.o
 .debug_abbrev  0x000025d5      0x4eb CMakeFiles/my_pico_project.dir/Users/gulbaran/pico-sdk/src/rp2_common/hardware_clocks/clocks.c.o
 .debug_abbrev  0x00002ac0      0x1d2 CMakeFiles/my_pico_project.dir/Users/gulbaran/pico-sdk/src/rp2_common/hardware_pll/pll.c.o
 .debug_abbrev  0x00002c92      0x145 CMakeFiles/my_pico_project.dir/Users/gulbaran/pico-sdk/src/rp2_common/hardware_ticks/ticks.c.o
 .debug_abbrev  0x00002dd7      0x1bc CMakeFiles/my_pico_project.dir/Users/gulbaran/pico-sdk/src/rp2_common/pico_bootrom/bootrom.c.o
 .debug_abbrev  0x00002f93      0x11d CMakeFiles/my_pico_project.dir/Users/gulbaran/pico-sdk/src/rp2_common/hardware_xosc/xosc.c.o
 .debug_abbrev  0x000030b0      0x182 CMakeFiles/my_pico_project.dir/Users/gulbaran/pico-sdk/src/rp2_common/pico_runtime/runtime.c.o
 .debug_abbrev  0x00003232      0x222 CMakeFiles/my_pico_project.dir/Users/gulbaran/pico-sdk/src/rp2_common/pico_runtime_init/runtime_init.c.o
 .debug_abbrev  0x00003454      0x2af CMakeFiles/my_pico_project.dir/Users/gulbaran/pico-sdk/src/rp2_common/pico_runtime_init/runtime_init_clocks.c.o
 .debug_abbrev  0x00003703       0x12 CMakeFiles/my_pico_project.dir/Users/gulbaran/pico-sdk/src/rp2_common/pico_bit_ops/bit_ops_aeabi.S.o
 .debug_abbrev  0x00003715       0x12 CMakeFiles/my_pico_project.dir/Users/gulbaran/pico-sdk/src/rp2_common/pico_divider/divider_hardware.S.o
 .debug_abbrev  0x00003727       0x12 CMakeFiles/my_pico_project.dir/Users/gulbaran/pico-sdk/src/rp2_common/pico_double/double_aeabi_rp2040.S.o
 .debug_abbrev  0x00003739      0x17a CMakeFiles/my_pico_project.dir/Users/gulbaran/pico-sdk/src/rp2_common/pico_double/double_init_rom_rp2040.c.o
 .debug_abbrev  0x000038b3       0x12 CMakeFiles/my_pico_project.dir/Users/gulbaran/pico-sdk/src/rp2_common/pico_double/double_v1_rom_shim_rp2040.S.o
 .debug_abbrev  0x000038c5       0x14 CMakeFiles/my_pico_project.dir/Users/gulbaran/pico-sdk/src/rp2_common/pico_int64_ops/pico_int64_ops_aeabi.S.o
 .debug_abbrev  0x000038d9       0x12 CMakeFiles/my_pico_project.dir/Users/gulbaran/pico-sdk/src/rp2_common/pico_float/float_aeabi_rp2040.S.o
 .debug_abbrev  0x000038eb      0x173 CMakeFiles/my_pico_project.dir/Users/gulbaran/pico-sdk/src/rp2_common/pico_float/float_init_rom_rp2040.c.o
 .debug_abbrev  0x00003a5e       0x12 CMakeFiles/my_pico_project.dir/Users/gulbaran/pico-sdk/src/rp2_common/pico_float/float_v1_rom_shim_rp2040.S.o
 .debug_abbrev  0x00003a70       0x12 CMakeFiles/my_pico_project.dir/Users/gulbaran/pico-sdk/src/rp2_common/pico_mem_ops/mem_ops_aeabi.S.o
 .debug_abbrev  0x00003a82       0xb8 CMakeFiles/my_pico_project.dir/Users/gulbaran/pico-sdk/src/rp2_common/pico_standard_binary_info/standard_binary_info.c.o
 .debug_abbrev  0x00003b3a      0x50c CMakeFiles/my_pico_project.dir/Users/gulbaran/pico-sdk/src/rp2_common/pico_printf/printf.c.o
 .debug_abbrev  0x00004046       0x12 CMakeFiles/my_pico_project.dir/Users/gulbaran/pico-sdk/src/rp2_common/pico_crt0/crt0.S.o
 .debug_abbrev  0x00004058      0x352 CMakeFiles/my_pico_project.dir/Users/gulbaran/pico-sdk/src/rp2_common/pico_clib_interface/newlib_interface.c.o
 .debug_abbrev  0x000043aa      0x5d9 CMakeFiles/my_pico_project.dir/Users/gulbaran/pico-sdk/src/rp2_common/pico_stdio/stdio.c.o

.debug_loclists
                0x00000000     0xfb6f
 .debug_loclists
                0x00000000       0xa8 CMakeFiles/my_pico_project.dir/main.c.o
 .debug_loclists
                0x000000a8     0x1ac0 CMakeFiles/my_pico_project.dir/Users/gulbaran/pico-sdk/src/rp2_common/hardware_gpio/gpio.c.o
 .debug_loclists
                0x00001b68      0x349 CMakeFiles/my_pico_project.dir/Users/gulbaran/pico-sdk/src/common/hardware_claim/claim.c.o
 .debug_loclists
                0x00001eb1      0x108 CMakeFiles/my_pico_project.dir/Users/gulbaran/pico-sdk/src/rp2_common/hardware_sync/sync.c.o
 .debug_loclists
                0x00001fb9       0x7d CMakeFiles/my_pico_project.dir/Users/gulbaran/pico-sdk/src/rp2_common/hardware_sync_spin_lock/sync_spin_lock.c.o
 .debug_loclists
                0x00002036     0x11ed CMakeFiles/my_pico_project.dir/Users/gulbaran/pico-sdk/src/rp2_common/hardware_irq/irq.c.o
 .debug_loclists
                0x00003223       0x41 CMakeFiles/my_pico_project.dir/Users/gulbaran/pico-sdk/src/common/pico_sync/lock_core.c.o
 .debug_loclists
                0x00003264      0xaec CMakeFiles/my_pico_project.dir/Users/gulbaran/pico-sdk/src/common/pico_sync/mutex.c.o
 .debug_loclists
                0x00003d50     0x27d7 CMakeFiles/my_pico_project.dir/Users/gulbaran/pico-sdk/src/common/pico_time/time.c.o
 .debug_loclists
                0x00006527     0x19f6 CMakeFiles/my_pico_project.dir/Users/gulbaran/pico-sdk/src/rp2_common/hardware_timer/timer.c.o
 .debug_loclists
                0x00007f1d     0x2b6f CMakeFiles/my_pico_project.dir/Users/gulbaran/pico-sdk/src/rp2_common/hardware_clocks/clocks.c.o
 .debug_loclists
                0x0000aa8c      0x1e0 CMakeFiles/my_pico_project.dir/Users/gulbaran/pico-sdk/src/rp2_common/hardware_pll/pll.c.o
 .debug_loclists
                0x0000ac6c       0x47 CMakeFiles/my_pico_project.dir/Users/gulbaran/pico-sdk/src/rp2_common/hardware_ticks/ticks.c.o
 .debug_loclists
                0x0000acb3      0x351 CMakeFiles/my_pico_project.dir/Users/gulbaran/pico-sdk/src/rp2_common/pico_bootrom/bootrom.c.o
 .debug_loclists
                0x0000b004       0x48 CMakeFiles/my_pico_project.dir/Users/gulbaran/pico-sdk/src/rp2_common/hardware_xosc/xosc.c.o
 .debug_loclists
                0x0000b04c       0x7e CMakeFiles/my_pico_project.dir/Users/gulbaran/pico-sdk/src/rp2_common/pico_runtime/runtime.c.o
 .debug_loclists
                0x0000b0ca       0xba CMakeFiles/my_pico_project.dir/Users/gulbaran/pico-sdk/src/rp2_common/pico_runtime_init/runtime_init.c.o
 .debug_loclists
                0x0000b184       0x74 CMakeFiles/my_pico_project.dir/Users/gulbaran/pico-sdk/src/rp2_common/pico_runtime_init/runtime_init_clocks.c.o
 .debug_loclists
                0x0000b1f8       0x3d CMakeFiles/my_pico_project.dir/Users/gulbaran/pico-sdk/src/rp2_common/pico_double/double_init_rom_rp2040.c.o
 .debug_loclists
                0x0000b235       0x59 CMakeFiles/my_pico_project.dir/Users/gulbaran/pico-sdk/src/rp2_common/pico_float/float_init_rom_rp2040.c.o
 .debug_loclists
                0x0000b28e     0x355f CMakeFiles/my_pico_project.dir/Users/gulbaran/pico-sdk/src/rp2_common/pico_printf/printf.c.o
 .debug_loclists
                0x0000e7ed      0x431 CMakeFiles/my_pico_project.dir/Users/gulbaran/pico-sdk/src/rp2_common/pico_clib_interface/newlib_interface.c.o
 .debug_loclists
                0x0000ec1e      0xf51 CMakeFiles/my_pico_project.dir/Users/gulbaran/pico-sdk/src/rp2_common/pico_stdio/stdio.c.o

.debug_aranges  0x00000000      0xe68
 .debug_aranges
                0x00000000       0x20 CMakeFiles/my_pico_project.dir/main.c.o
 .debug_aranges
                0x00000020      0x120 CMakeFiles/my_pico_project.dir/Users/gulbaran/pico-sdk/src/rp2_common/hardware_gpio/gpio.c.o
 .debug_aranges
                0x00000140       0x28 CMakeFiles/my_pico_project.dir/Users/gulbaran/pico-sdk/src/rp2_common/pico_platform_panic/panic.c.o
 .debug_aranges
                0x00000168       0x48 CMakeFiles/my_pico_project.dir/Users/gulbaran/pico-sdk/src/common/hardware_claim/claim.c.o
 .debug_aranges
                0x000001b0       0x48 CMakeFiles/my_pico_project.dir/Users/gulbaran/pico-sdk/src/rp2_common/hardware_sync/sync.c.o
 .debug_aranges
                0x000001f8       0x28 CMakeFiles/my_pico_project.dir/Users/gulbaran/pico-sdk/src/rp2_common/hardware_sync_spin_lock/sync_spin_lock.c.o
 .debug_aranges
                0x00000220       0xb8 CMakeFiles/my_pico_project.dir/Users/gulbaran/pico-sdk/src/rp2_common/hardware_irq/irq.c.o
 .debug_aranges
                0x000002d8       0x20 CMakeFiles/my_pico_project.dir/Users/gulbaran/pico-sdk/src/common/pico_sync/lock_core.c.o
 .debug_aranges
                0x000002f8       0x98 CMakeFiles/my_pico_project.dir/Users/gulbaran/pico-sdk/src/common/pico_sync/mutex.c.o
 .debug_aranges
                0x00000390       0xe0 CMakeFiles/my_pico_project.dir/Users/gulbaran/pico-sdk/src/common/pico_time/time.c.o
 .debug_aranges
                0x00000470       0xf0 CMakeFiles/my_pico_project.dir/Users/gulbaran/pico-sdk/src/rp2_common/hardware_timer/timer.c.o
 .debug_aranges
                0x00000560       0x90 CMakeFiles/my_pico_project.dir/Users/gulbaran/pico-sdk/src/rp2_common/hardware_clocks/clocks.c.o
 .debug_aranges
                0x000005f0       0x28 CMakeFiles/my_pico_project.dir/Users/gulbaran/pico-sdk/src/rp2_common/hardware_pll/pll.c.o
 .debug_aranges
                0x00000618       0x30 CMakeFiles/my_pico_project.dir/Users/gulbaran/pico-sdk/src/rp2_common/hardware_ticks/ticks.c.o
 .debug_aranges
                0x00000648       0x40 CMakeFiles/my_pico_project.dir/Users/gulbaran/pico-sdk/src/rp2_common/pico_bootrom/bootrom.c.o
 .debug_aranges
                0x00000688       0x30 CMakeFiles/my_pico_project.dir/Users/gulbaran/pico-sdk/src/rp2_common/hardware_xosc/xosc.c.o
 .debug_aranges
                0x000006b8       0x38 CMakeFiles/my_pico_project.dir/Users/gulbaran/pico-sdk/src/rp2_common/pico_runtime/runtime.c.o
 .debug_aranges
                0x000006f0       0x48 CMakeFiles/my_pico_project.dir/Users/gulbaran/pico-sdk/src/rp2_common/pico_runtime_init/runtime_init.c.o
 .debug_aranges
                0x00000738       0x20 CMakeFiles/my_pico_project.dir/Users/gulbaran/pico-sdk/src/rp2_common/pico_runtime_init/runtime_init_clocks.c.o
 .debug_aranges
                0x00000758       0x60 CMakeFiles/my_pico_project.dir/Users/gulbaran/pico-sdk/src/rp2_common/pico_bit_ops/bit_ops_aeabi.S.o
 .debug_aranges
                0x000007b8       0x40 CMakeFiles/my_pico_project.dir/Users/gulbaran/pico-sdk/src/rp2_common/pico_divider/divider_hardware.S.o
 .debug_aranges
                0x000007f8      0x150 CMakeFiles/my_pico_project.dir/Users/gulbaran/pico-sdk/src/rp2_common/pico_double/double_aeabi_rp2040.S.o
 .debug_aranges
                0x00000948       0x20 CMakeFiles/my_pico_project.dir/Users/gulbaran/pico-sdk/src/rp2_common/pico_double/double_init_rom_rp2040.c.o
 .debug_aranges
                0x00000968       0xc8 CMakeFiles/my_pico_project.dir/Users/gulbaran/pico-sdk/src/rp2_common/pico_double/double_v1_rom_shim_rp2040.S.o
 .debug_aranges
                0x00000a30       0x20 CMakeFiles/my_pico_project.dir/Users/gulbaran/pico-sdk/src/rp2_common/pico_int64_ops/pico_int64_ops_aeabi.S.o
 .debug_aranges
                0x00000a50      0x138 CMakeFiles/my_pico_project.dir/Users/gulbaran/pico-sdk/src/rp2_common/pico_float/float_aeabi_rp2040.S.o
 .debug_aranges
                0x00000b88       0x20 CMakeFiles/my_pico_project.dir/Users/gulbaran/pico-sdk/src/rp2_common/pico_float/float_init_rom_rp2040.c.o
 .debug_aranges
                0x00000ba8       0x50 CMakeFiles/my_pico_project.dir/Users/gulbaran/pico-sdk/src/rp2_common/pico_float/float_v1_rom_shim_rp2040.S.o
 .debug_aranges
                0x00000bf8       0x38 CMakeFiles/my_pico_project.dir/Users/gulbaran/pico-sdk/src/rp2_common/pico_mem_ops/mem_ops_aeabi.S.o
 .debug_aranges
                0x00000c30       0x18 CMakeFiles/my_pico_project.dir/Users/gulbaran/pico-sdk/src/rp2_common/pico_standard_binary_info/standard_binary_info.c.o
 .debug_aranges
                0x00000c48       0x90 CMakeFiles/my_pico_project.dir/Users/gulbaran/pico-sdk/src/rp2_common/pico_printf/printf.c.o
 .debug_aranges
                0x00000cd8       0x28 CMakeFiles/my_pico_project.dir/Users/gulbaran/pico-sdk/src/rp2_common/pico_crt0/crt0.S.o
 .debug_aranges
                0x00000d00       0xa0 CMakeFiles/my_pico_project.dir/Users/gulbaran/pico-sdk/src/rp2_common/pico_clib_interface/newlib_interface.c.o
 .debug_aranges
                0x00000da0       0xc8 CMakeFiles/my_pico_project.dir/Users/gulbaran/pico-sdk/src/rp2_common/pico_stdio/stdio.c.o

.debug_rnglists
                0x00000000     0x2a45
 .debug_rnglists
                0x00000000       0x3a CMakeFiles/my_pico_project.dir/main.c.o
 .debug_rnglists
                0x0000003a      0x5d0 CMakeFiles/my_pico_project.dir/Users/gulbaran/pico-sdk/src/rp2_common/hardware_gpio/gpio.c.o
 .debug_rnglists
                0x0000060a       0x19 CMakeFiles/my_pico_project.dir/Users/gulbaran/pico-sdk/src/rp2_common/pico_platform_panic/panic.c.o
 .debug_rnglists
                0x00000623       0xb6 CMakeFiles/my_pico_project.dir/Users/gulbaran/pico-sdk/src/common/hardware_claim/claim.c.o
 .debug_rnglists
                0x000006d9       0x58 CMakeFiles/my_pico_project.dir/Users/gulbaran/pico-sdk/src/rp2_common/hardware_sync/sync.c.o
 .debug_rnglists
                0x00000731       0x3d CMakeFiles/my_pico_project.dir/Users/gulbaran/pico-sdk/src/rp2_common/hardware_sync_spin_lock/sync_spin_lock.c.o
 .debug_rnglists
                0x0000076e      0x37d CMakeFiles/my_pico_project.dir/Users/gulbaran/pico-sdk/src/rp2_common/hardware_irq/irq.c.o
 .debug_rnglists
                0x00000aeb       0x1f CMakeFiles/my_pico_project.dir/Users/gulbaran/pico-sdk/src/common/pico_sync/lock_core.c.o
 .debug_rnglists
                0x00000b0a      0x325 CMakeFiles/my_pico_project.dir/Users/gulbaran/pico-sdk/src/common/pico_sync/mutex.c.o
 .debug_rnglists
                0x00000e2f      0x7e2 CMakeFiles/my_pico_project.dir/Users/gulbaran/pico-sdk/src/common/pico_time/time.c.o
 .debug_rnglists
                0x00001611      0x2c6 CMakeFiles/my_pico_project.dir/Users/gulbaran/pico-sdk/src/rp2_common/hardware_timer/timer.c.o
 .debug_rnglists
                0x000018d7      0x5af CMakeFiles/my_pico_project.dir/Users/gulbaran/pico-sdk/src/rp2_common/hardware_clocks/clocks.c.o
 .debug_rnglists
                0x00001e86       0x5c CMakeFiles/my_pico_project.dir/Users/gulbaran/pico-sdk/src/rp2_common/hardware_pll/pll.c.o
 .debug_rnglists
                0x00001ee2       0x2b CMakeFiles/my_pico_project.dir/Users/gulbaran/pico-sdk/src/rp2_common/hardware_ticks/ticks.c.o
 .debug_rnglists
                0x00001f0d      0x112 CMakeFiles/my_pico_project.dir/Users/gulbaran/pico-sdk/src/rp2_common/pico_bootrom/bootrom.c.o
 .debug_rnglists
                0x0000201f       0x1f CMakeFiles/my_pico_project.dir/Users/gulbaran/pico-sdk/src/rp2_common/hardware_xosc/xosc.c.o
 .debug_rnglists
                0x0000203e       0x3d CMakeFiles/my_pico_project.dir/Users/gulbaran/pico-sdk/src/rp2_common/pico_runtime/runtime.c.o
 .debug_rnglists
                0x0000207b       0x49 CMakeFiles/my_pico_project.dir/Users/gulbaran/pico-sdk/src/rp2_common/pico_runtime_init/runtime_init.c.o
 .debug_rnglists
                0x000020c4       0x20 CMakeFiles/my_pico_project.dir/Users/gulbaran/pico-sdk/src/rp2_common/pico_runtime_init/runtime_init_clocks.c.o
 .debug_rnglists
                0x000020e4       0x43 CMakeFiles/my_pico_project.dir/Users/gulbaran/pico-sdk/src/rp2_common/pico_bit_ops/bit_ops_aeabi.S.o
 .debug_rnglists
                0x00002127       0x2c CMakeFiles/my_pico_project.dir/Users/gulbaran/pico-sdk/src/rp2_common/pico_divider/divider_hardware.S.o
 .debug_rnglists
                0x00002153       0xf9 CMakeFiles/my_pico_project.dir/Users/gulbaran/pico-sdk/src/rp2_common/pico_double/double_aeabi_rp2040.S.o
 .debug_rnglists
                0x0000224c       0x14 CMakeFiles/my_pico_project.dir/Users/gulbaran/pico-sdk/src/rp2_common/pico_double/double_init_rom_rp2040.c.o
 .debug_rnglists
                0x00002260       0x99 CMakeFiles/my_pico_project.dir/Users/gulbaran/pico-sdk/src/rp2_common/pico_double/double_v1_rom_shim_rp2040.S.o
 .debug_rnglists
                0x000022f9       0xe5 CMakeFiles/my_pico_project.dir/Users/gulbaran/pico-sdk/src/rp2_common/pico_float/float_aeabi_rp2040.S.o
 .debug_rnglists
                0x000023de       0x13 CMakeFiles/my_pico_project.dir/Users/gulbaran/pico-sdk/src/rp2_common/pico_float/float_init_rom_rp2040.c.o
 .debug_rnglists
                0x000023f1       0x38 CMakeFiles/my_pico_project.dir/Users/gulbaran/pico-sdk/src/rp2_common/pico_float/float_v1_rom_shim_rp2040.S.o
 .debug_rnglists
                0x00002429       0x25 CMakeFiles/my_pico_project.dir/Users/gulbaran/pico-sdk/src/rp2_common/pico_mem_ops/mem_ops_aeabi.S.o
 .debug_rnglists
                0x0000244e      0x2a2 CMakeFiles/my_pico_project.dir/Users/gulbaran/pico-sdk/src/rp2_common/pico_printf/printf.c.o
 .debug_rnglists
                0x000026f0       0x1b CMakeFiles/my_pico_project.dir/Users/gulbaran/pico-sdk/src/rp2_common/pico_crt0/crt0.S.o
 .debug_rnglists
                0x0000270b       0x7f CMakeFiles/my_pico_project.dir/Users/gulbaran/pico-sdk/src/rp2_common/pico_clib_interface/newlib_interface.c.o
 .debug_rnglists
                0x0000278a      0x2bb CMakeFiles/my_pico_project.dir/Users/gulbaran/pico-sdk/src/rp2_common/pico_stdio/stdio.c.o

.debug_line     0x00000000    0x150a3
 .debug_line    0x00000000      0x387 CMakeFiles/my_pico_project.dir/main.c.o
 .debug_line    0x00000387     0x1c66 CMakeFiles/my_pico_project.dir/Users/gulbaran/pico-sdk/src/rp2_common/hardware_gpio/gpio.c.o
 .debug_line    0x00001fed      0x287 CMakeFiles/my_pico_project.dir/Users/gulbaran/pico-sdk/src/rp2_common/pico_platform_panic/panic.c.o
 .debug_line    0x00002274      0x8b6 CMakeFiles/my_pico_project.dir/Users/gulbaran/pico-sdk/src/common/hardware_claim/claim.c.o
 .debug_line    0x00002b2a      0x4ae CMakeFiles/my_pico_project.dir/Users/gulbaran/pico-sdk/src/rp2_common/hardware_sync/sync.c.o
 .debug_line    0x00002fd8      0x39a CMakeFiles/my_pico_project.dir/Users/gulbaran/pico-sdk/src/rp2_common/hardware_sync_spin_lock/sync_spin_lock.c.o
 .debug_line    0x00003372     0x1723 CMakeFiles/my_pico_project.dir/Users/gulbaran/pico-sdk/src/rp2_common/hardware_irq/irq.c.o
 .debug_line    0x00004a95      0x2c5 CMakeFiles/my_pico_project.dir/Users/gulbaran/pico-sdk/src/common/pico_sync/lock_core.c.o
 .debug_line    0x00004d5a     0x1af3 CMakeFiles/my_pico_project.dir/Users/gulbaran/pico-sdk/src/common/pico_sync/mutex.c.o
 .debug_line    0x0000684d     0x34e5 CMakeFiles/my_pico_project.dir/Users/gulbaran/pico-sdk/src/common/pico_time/time.c.o
 .debug_line    0x00009d32     0x1cba CMakeFiles/my_pico_project.dir/Users/gulbaran/pico-sdk/src/rp2_common/hardware_timer/timer.c.o
 .debug_line    0x0000b9ec     0x20ba CMakeFiles/my_pico_project.dir/Users/gulbaran/pico-sdk/src/rp2_common/hardware_clocks/clocks.c.o
 .debug_line    0x0000daa6      0x4cc CMakeFiles/my_pico_project.dir/Users/gulbaran/pico-sdk/src/rp2_common/hardware_pll/pll.c.o
 .debug_line    0x0000df72      0x324 CMakeFiles/my_pico_project.dir/Users/gulbaran/pico-sdk/src/rp2_common/hardware_ticks/ticks.c.o
 .debug_line    0x0000e296      0x45e CMakeFiles/my_pico_project.dir/Users/gulbaran/pico-sdk/src/rp2_common/pico_bootrom/bootrom.c.o
 .debug_line    0x0000e6f4      0x32d CMakeFiles/my_pico_project.dir/Users/gulbaran/pico-sdk/src/rp2_common/hardware_xosc/xosc.c.o
 .debug_line    0x0000ea21      0x303 CMakeFiles/my_pico_project.dir/Users/gulbaran/pico-sdk/src/rp2_common/pico_runtime/runtime.c.o
 .debug_line    0x0000ed24      0x50e CMakeFiles/my_pico_project.dir/Users/gulbaran/pico-sdk/src/rp2_common/pico_runtime_init/runtime_init.c.o
 .debug_line    0x0000f232      0x517 CMakeFiles/my_pico_project.dir/Users/gulbaran/pico-sdk/src/rp2_common/pico_runtime_init/runtime_init_clocks.c.o
 .debug_line    0x0000f749      0x107 CMakeFiles/my_pico_project.dir/Users/gulbaran/pico-sdk/src/rp2_common/pico_bit_ops/bit_ops_aeabi.S.o
 .debug_line    0x0000f850      0x2a9 CMakeFiles/my_pico_project.dir/Users/gulbaran/pico-sdk/src/rp2_common/pico_divider/divider_hardware.S.o
 .debug_line    0x0000faf9      0x452 CMakeFiles/my_pico_project.dir/Users/gulbaran/pico-sdk/src/rp2_common/pico_double/double_aeabi_rp2040.S.o
 .debug_line    0x0000ff4b      0x48f CMakeFiles/my_pico_project.dir/Users/gulbaran/pico-sdk/src/rp2_common/pico_double/double_init_rom_rp2040.c.o
 .debug_line    0x000103da      0x66d CMakeFiles/my_pico_project.dir/Users/gulbaran/pico-sdk/src/rp2_common/pico_double/double_v1_rom_shim_rp2040.S.o
 .debug_line    0x00010a47       0x61 CMakeFiles/my_pico_project.dir/Users/gulbaran/pico-sdk/src/rp2_common/pico_int64_ops/pico_int64_ops_aeabi.S.o
 .debug_line    0x00010aa8      0x3d2 CMakeFiles/my_pico_project.dir/Users/gulbaran/pico-sdk/src/rp2_common/pico_float/float_aeabi_rp2040.S.o
 .debug_line    0x00010e7a      0x3a4 CMakeFiles/my_pico_project.dir/Users/gulbaran/pico-sdk/src/rp2_common/pico_float/float_init_rom_rp2040.c.o
 .debug_line    0x0001121e      0x195 CMakeFiles/my_pico_project.dir/Users/gulbaran/pico-sdk/src/rp2_common/pico_float/float_v1_rom_shim_rp2040.S.o
 .debug_line    0x000113b3       0x94 CMakeFiles/my_pico_project.dir/Users/gulbaran/pico-sdk/src/rp2_common/pico_mem_ops/mem_ops_aeabi.S.o
 .debug_line    0x00011447      0x1e9 CMakeFiles/my_pico_project.dir/Users/gulbaran/pico-sdk/src/rp2_common/pico_standard_binary_info/standard_binary_info.c.o
 .debug_line    0x00011630     0x1d1e CMakeFiles/my_pico_project.dir/Users/gulbaran/pico-sdk/src/rp2_common/pico_printf/printf.c.o
 .debug_line    0x0001334e       0xa5 CMakeFiles/my_pico_project.dir/Users/gulbaran/pico-sdk/src/rp2_common/pico_crt0/crt0.S.o
 .debug_line    0x000133f3      0x831 CMakeFiles/my_pico_project.dir/Users/gulbaran/pico-sdk/src/rp2_common/pico_clib_interface/newlib_interface.c.o
 .debug_line    0x00013c24     0x147f CMakeFiles/my_pico_project.dir/Users/gulbaran/pico-sdk/src/rp2_common/pico_stdio/stdio.c.o

.debug_str      0x00000000     0x4208
 .debug_str     0x00000000     0x4208 CMakeFiles/my_pico_project.dir/main.c.o
                                0x3fe (size before relaxing)
 .debug_str     0x00004208      0xc69 CMakeFiles/my_pico_project.dir/Users/gulbaran/pico-sdk/src/rp2_common/hardware_gpio/gpio.c.o
 .debug_str     0x00004208      0x1f4 CMakeFiles/my_pico_project.dir/Users/gulbaran/pico-sdk/src/rp2_common/pico_platform_panic/panic.c.o
 .debug_str     0x00004208      0x377 CMakeFiles/my_pico_project.dir/Users/gulbaran/pico-sdk/src/common/hardware_claim/claim.c.o
 .debug_str     0x00004208      0x320 CMakeFiles/my_pico_project.dir/Users/gulbaran/pico-sdk/src/rp2_common/hardware_sync/sync.c.o
 .debug_str     0x00004208      0x233 CMakeFiles/my_pico_project.dir/Users/gulbaran/pico-sdk/src/rp2_common/hardware_sync_spin_lock/sync_spin_lock.c.o
 .debug_str     0x00004208      0xa67 CMakeFiles/my_pico_project.dir/Users/gulbaran/pico-sdk/src/rp2_common/hardware_irq/irq.c.o
 .debug_str     0x00004208      0x1ff CMakeFiles/my_pico_project.dir/Users/gulbaran/pico-sdk/src/common/pico_sync/lock_core.c.o
 .debug_str     0x00004208      0x792 CMakeFiles/my_pico_project.dir/Users/gulbaran/pico-sdk/src/common/pico_sync/mutex.c.o
 .debug_str     0x00004208     0x1188 CMakeFiles/my_pico_project.dir/Users/gulbaran/pico-sdk/src/common/pico_time/time.c.o
 .debug_str     0x00004208      0x9da CMakeFiles/my_pico_project.dir/Users/gulbaran/pico-sdk/src/rp2_common/hardware_timer/timer.c.o
 .debug_str     0x00004208      0x98f CMakeFiles/my_pico_project.dir/Users/gulbaran/pico-sdk/src/rp2_common/hardware_clocks/clocks.c.o
 .debug_str     0x00004208      0x452 CMakeFiles/my_pico_project.dir/Users/gulbaran/pico-sdk/src/rp2_common/hardware_pll/pll.c.o
 .debug_str     0x00004208      0x281 CMakeFiles/my_pico_project.dir/Users/gulbaran/pico-sdk/src/rp2_common/hardware_ticks/ticks.c.o
 .debug_str     0x00004208      0x346 CMakeFiles/my_pico_project.dir/Users/gulbaran/pico-sdk/src/rp2_common/pico_bootrom/bootrom.c.o
 .debug_str     0x00004208      0x236 CMakeFiles/my_pico_project.dir/Users/gulbaran/pico-sdk/src/rp2_common/hardware_xosc/xosc.c.o
 .debug_str     0x00004208      0x286 CMakeFiles/my_pico_project.dir/Users/gulbaran/pico-sdk/src/rp2_common/pico_runtime/runtime.c.o
 .debug_str     0x00004208      0x77a CMakeFiles/my_pico_project.dir/Users/gulbaran/pico-sdk/src/rp2_common/pico_runtime_init/runtime_init.c.o
 .debug_str     0x00004208      0x48e CMakeFiles/my_pico_project.dir/Users/gulbaran/pico-sdk/src/rp2_common/pico_runtime_init/runtime_init_clocks.c.o
 .debug_str     0x00004208       0x7e CMakeFiles/my_pico_project.dir/Users/gulbaran/pico-sdk/src/rp2_common/pico_bit_ops/bit_ops_aeabi.S.o
 .debug_str     0x00004208       0x81 CMakeFiles/my_pico_project.dir/Users/gulbaran/pico-sdk/src/rp2_common/pico_divider/divider_hardware.S.o
 .debug_str     0x00004208       0x83 CMakeFiles/my_pico_project.dir/Users/gulbaran/pico-sdk/src/rp2_common/pico_double/double_aeabi_rp2040.S.o
 .debug_str     0x00004208      0x2af CMakeFiles/my_pico_project.dir/Users/gulbaran/pico-sdk/src/rp2_common/pico_double/double_init_rom_rp2040.c.o
 .debug_str     0x00004208       0x89 CMakeFiles/my_pico_project.dir/Users/gulbaran/pico-sdk/src/rp2_common/pico_double/double_v1_rom_shim_rp2040.S.o
 .debug_str     0x00004208       0x87 CMakeFiles/my_pico_project.dir/Users/gulbaran/pico-sdk/src/rp2_common/pico_int64_ops/pico_int64_ops_aeabi.S.o
 .debug_str     0x00004208       0x81 CMakeFiles/my_pico_project.dir/Users/gulbaran/pico-sdk/src/rp2_common/pico_float/float_aeabi_rp2040.S.o
 .debug_str     0x00004208      0x294 CMakeFiles/my_pico_project.dir/Users/gulbaran/pico-sdk/src/rp2_common/pico_float/float_init_rom_rp2040.c.o
 .debug_str     0x00004208       0x87 CMakeFiles/my_pico_project.dir/Users/gulbaran/pico-sdk/src/rp2_common/pico_float/float_v1_rom_shim_rp2040.S.o
 .debug_str     0x00004208       0x7e CMakeFiles/my_pico_project.dir/Users/gulbaran/pico-sdk/src/rp2_common/pico_mem_ops/mem_ops_aeabi.S.o
 .debug_str     0x00004208      0x3f5 CMakeFiles/my_pico_project.dir/Users/gulbaran/pico-sdk/src/rp2_common/pico_standard_binary_info/standard_binary_info.c.o
 .debug_str     0x00004208      0x4d8 CMakeFiles/my_pico_project.dir/Users/gulbaran/pico-sdk/src/rp2_common/pico_printf/printf.c.o
 .debug_str     0x00004208       0x72 CMakeFiles/my_pico_project.dir/Users/gulbaran/pico-sdk/src/rp2_common/pico_crt0/crt0.S.o
 .debug_str     0x00004208      0x714 CMakeFiles/my_pico_project.dir/Users/gulbaran/pico-sdk/src/rp2_common/pico_clib_interface/newlib_interface.c.o
 .debug_str     0x00004208      0xd6f CMakeFiles/my_pico_project.dir/Users/gulbaran/pico-sdk/src/rp2_common/pico_stdio/stdio.c.o

.debug_frame    0x00000000     0x1998
 .debug_frame   0x00000000       0x2c CMakeFiles/my_pico_project.dir/main.c.o
 .debug_frame   0x0000002c      0x330 CMakeFiles/my_pico_project.dir/Users/gulbaran/pico-sdk/src/rp2_common/hardware_gpio/gpio.c.o
 .debug_frame   0x0000035c       0x44 CMakeFiles/my_pico_project.dir/Users/gulbaran/pico-sdk/src/rp2_common/pico_platform_panic/panic.c.o
 .debug_frame   0x000003a0       0xa0 CMakeFiles/my_pico_project.dir/Users/gulbaran/pico-sdk/src/common/hardware_claim/claim.c.o
 .debug_frame   0x00000440       0xa8 CMakeFiles/my_pico_project.dir/Users/gulbaran/pico-sdk/src/rp2_common/hardware_sync/sync.c.o
 .debug_frame   0x000004e8       0x30 CMakeFiles/my_pico_project.dir/Users/gulbaran/pico-sdk/src/rp2_common/hardware_sync_spin_lock/sync_spin_lock.c.o
 .debug_frame   0x00000518      0x1cc CMakeFiles/my_pico_project.dir/Users/gulbaran/pico-sdk/src/rp2_common/hardware_irq/irq.c.o
 .debug_frame   0x000006e4       0x20 CMakeFiles/my_pico_project.dir/Users/gulbaran/pico-sdk/src/common/pico_sync/lock_core.c.o
 .debug_frame   0x00000704      0x1e8 CMakeFiles/my_pico_project.dir/Users/gulbaran/pico-sdk/src/common/pico_sync/mutex.c.o
 .debug_frame   0x000008ec      0x2ec CMakeFiles/my_pico_project.dir/Users/gulbaran/pico-sdk/src/common/pico_time/time.c.o
 .debug_frame   0x00000bd8      0x2c4 CMakeFiles/my_pico_project.dir/Users/gulbaran/pico-sdk/src/rp2_common/hardware_timer/timer.c.o
 .debug_frame   0x00000e9c      0x1f4 CMakeFiles/my_pico_project.dir/Users/gulbaran/pico-sdk/src/rp2_common/hardware_clocks/clocks.c.o
 .debug_frame   0x00001090       0x40 CMakeFiles/my_pico_project.dir/Users/gulbaran/pico-sdk/src/rp2_common/hardware_pll/pll.c.o
 .debug_frame   0x000010d0       0x40 CMakeFiles/my_pico_project.dir/Users/gulbaran/pico-sdk/src/rp2_common/hardware_ticks/ticks.c.o
 .debug_frame   0x00001110       0xa0 CMakeFiles/my_pico_project.dir/Users/gulbaran/pico-sdk/src/rp2_common/pico_bootrom/bootrom.c.o
 .debug_frame   0x000011b0       0x40 CMakeFiles/my_pico_project.dir/Users/gulbaran/pico-sdk/src/rp2_common/hardware_xosc/xosc.c.o
 .debug_frame   0x000011f0       0x70 CMakeFiles/my_pico_project.dir/Users/gulbaran/pico-sdk/src/rp2_common/pico_runtime/runtime.c.o
 .debug_frame   0x00001260       0x84 CMakeFiles/my_pico_project.dir/Users/gulbaran/pico-sdk/src/rp2_common/pico_runtime_init/runtime_init.c.o
 .debug_frame   0x000012e4       0x2c CMakeFiles/my_pico_project.dir/Users/gulbaran/pico-sdk/src/rp2_common/pico_runtime_init/runtime_init_clocks.c.o
 .debug_frame   0x00001310       0x2c CMakeFiles/my_pico_project.dir/Users/gulbaran/pico-sdk/src/rp2_common/pico_double/double_init_rom_rp2040.c.o
 .debug_frame   0x0000133c       0x28 CMakeFiles/my_pico_project.dir/Users/gulbaran/pico-sdk/src/rp2_common/pico_float/float_init_rom_rp2040.c.o
 .debug_frame   0x00001364      0x1f0 CMakeFiles/my_pico_project.dir/Users/gulbaran/pico-sdk/src/rp2_common/pico_printf/printf.c.o
 .debug_frame   0x00001554      0x174 CMakeFiles/my_pico_project.dir/Users/gulbaran/pico-sdk/src/rp2_common/pico_clib_interface/newlib_interface.c.o
 .debug_frame   0x000016c8      0x2a8 CMakeFiles/my_pico_project.dir/Users/gulbaran/pico-sdk/src/rp2_common/pico_stdio/stdio.c.o
 .debug_frame   0x00001970       0x28 /Applications/ArmGNUToolchain/14.2.rel1/arm-none-eabi/bin/../lib/gcc/arm-none-eabi/14.2.1/../../../../arm-none-eabi/lib/thumb/v6-m/nofp/libg.a(libc_a-strlen-stub.o)

.debug_line_str
                0x00000000      0x31f
 .debug_line_str
                0x00000000      0x31f CMakeFiles/my_pico_project.dir/Users/gulbaran/pico-sdk/src/rp2_common/pico_bit_ops/bit_ops_aeabi.S.o
                                 0x70 (size before relaxing)
 .debug_line_str
                0x0000031f       0x73 CMakeFiles/my_pico_project.dir/Users/gulbaran/pico-sdk/src/rp2_common/pico_divider/divider_hardware.S.o
 .debug_line_str
                0x0000031f       0x75 CMakeFiles/my_pico_project.dir/Users/gulbaran/pico-sdk/src/rp2_common/pico_double/double_aeabi_rp2040.S.o
 .debug_line_str
                0x0000031f       0x7b CMakeFiles/my_pico_project.dir/Users/gulbaran/pico-sdk/src/rp2_common/pico_double/double_v1_rom_shim_rp2040.S.o
 .debug_line_str
                0x0000031f       0x79 CMakeFiles/my_pico_project.dir/Users/gulbaran/pico-sdk/src/rp2_common/pico_int64_ops/pico_int64_ops_aeabi.S.o
 .debug_line_str
                0x0000031f       0x73 CMakeFiles/my_pico_project.dir/Users/gulbaran/pico-sdk/src/rp2_common/pico_float/float_aeabi_rp2040.S.o
 .debug_line_str
                0x0000031f       0x79 CMakeFiles/my_pico_project.dir/Users/gulbaran/pico-sdk/src/rp2_common/pico_float/float_v1_rom_shim_rp2040.S.o
 .debug_line_str
                0x0000031f       0x70 CMakeFiles/my_pico_project.dir/Users/gulbaran/pico-sdk/src/rp2_common/pico_mem_ops/mem_ops_aeabi.S.o
 .debug_line_str
                0x0000031f       0x64 CMakeFiles/my_pico_project.dir/Users/gulbaran/pico-sdk/src/rp2_common/pico_crt0/crt0.S.o
 .debug_line_str
                0x0000031f       0xd2 /Applications/ArmGNUToolchain/14.2.rel1/arm-none-eabi/bin/../lib/gcc/arm-none-eabi/14.2.1/thumb/v6-m/nofp/libgcc.a(_dvmd_tls.o)